ITblockComment ('{-# LANGUAGE Arrows #-}')
WHITE_SPACE ('\n')
ITmodule ('module')
WHITE_SPACE (' ')
ITconid ('Arrow00001')
WHITE_SPACE (' ')
ITwhere ('where')
WHITE_SPACE ('\n\n')
ITvocurly ('')
WHITE_SPACE ('')
ITvarid ('e1')
WHITE_SPACE (' ')
ITequal ('=')
WHITE_SPACE (' ')
ITvarid ('proc')
WHITE_SPACE (' ')
ITvarid ('x')
WHITE_SPACE (' ')
ITrarrow ('->')
WHITE_SPACE (' ')
ITdo ('do')
WHITE_SPACE ('\n        ')
ITvocurly ('')
WHITE_SPACE ('')
ITvarid ('rec')
WHITE_SPACE (' ')
ITlet ('let')
WHITE_SPACE (' ')
ITvocurly ('')
WHITE_SPACE ('')
ITvarid ('e')
WHITE_SPACE (' ')
ITequal ('=')
WHITE_SPACE (' ')
ITvarid ('e')
WHITE_SPACE (' ')
ITvarsym ('+')
WHITE_SPACE (' ')
ITinteger ('1')
WHITE_SPACE ('\n        ')
ITvccurly ('')
WHITE_SPACE ('')
ITsemi ('')
WHITE_SPACE ('')
ITvarid ('y')
WHITE_SPACE (' ')
ITlarrow ('<-')
WHITE_SPACE (' ')
ITvarid ('f')
WHITE_SPACE (' ')
ITvarsym ('-<')
WHITE_SPACE (' ')
ITvarid ('x')
WHITE_SPACE ('')
ITvarsym ('+')
WHITE_SPACE ('')
ITinteger ('1')
WHITE_SPACE ('\n        ')
ITsemi ('')
WHITE_SPACE ('')
ITvarid ('g')
WHITE_SPACE (' ')
ITvarsym ('-<<')
WHITE_SPACE (' ')
ITinteger ('2')
WHITE_SPACE ('')
ITstar ('*')
WHITE_SPACE ('')
ITvarid ('y')
WHITE_SPACE ('\n        ')
ITsemi ('')
WHITE_SPACE ('')
ITlet ('let')
WHITE_SPACE (' ')
ITvocurly ('')
WHITE_SPACE ('')
ITvarid ('z')
WHITE_SPACE (' ')
ITequal ('=')
WHITE_SPACE (' ')
ITvarid ('x')
WHITE_SPACE ('')
ITvarsym ('+')
WHITE_SPACE ('')
ITvarid ('y')
WHITE_SPACE ('\n        ')
ITvccurly ('')
WHITE_SPACE ('')
ITsemi ('')
WHITE_SPACE ('')
ITvarid ('t')
WHITE_SPACE (' ')
ITlarrow ('<-')
WHITE_SPACE (' ')
ITvarid ('h')
WHITE_SPACE (' ')
ITvarsym ('>>-')
WHITE_SPACE (' ')
ITvarid ('x')
WHITE_SPACE ('')
ITstar ('*')
WHITE_SPACE ('')
ITvarid ('z')
WHITE_SPACE ('\n        ')
ITsemi ('')
WHITE_SPACE ('')
ITvarid ('returnA')
WHITE_SPACE (' ')
ITvarsym ('-<')
WHITE_SPACE (' ')
ITvarid ('t')
WHITE_SPACE ('')
ITvarsym ('+')
WHITE_SPACE ('')
ITvarid ('z')
WHITE_SPACE ('\n\n')
ITvccurly ('')
WHITE_SPACE ('')
ITsemi ('')
WHITE_SPACE ('')
ITvarid ('expr'')
WHITE_SPACE (' ')
ITequal ('=')
WHITE_SPACE (' ')
ITvarid ('proc')
WHITE_SPACE (' ')
ITvarid ('x')
WHITE_SPACE (' ')
ITrarrow ('->')
WHITE_SPACE (' ')
ITdo ('do')
WHITE_SPACE ('\n                ')
ITvocurly ('')
WHITE_SPACE ('')
ITvarid ('returnA')
WHITE_SPACE (' ')
ITvarsym ('-<')
WHITE_SPACE (' ')
ITvarid ('x')
WHITE_SPACE ('\n        ')
ITvccurly ('')
WHITE_SPACE ('')
ITvarsym ('<+>')
WHITE_SPACE (' ')
ITdo ('do')
WHITE_SPACE ('\n                ')
ITvocurly ('')
WHITE_SPACE ('')
ITvarid ('symbol')
WHITE_SPACE (' ')
ITconid ('Plus')
WHITE_SPACE (' ')
ITvarsym ('-<')
WHITE_SPACE (' ')
IToparen ('(')
WHITE_SPACE ('')
ITcparen (')')
WHITE_SPACE ('\n                ')
ITsemi ('')
WHITE_SPACE ('')
ITvarid ('y')
WHITE_SPACE (' ')
ITlarrow ('<-')
WHITE_SPACE (' ')
ITvarid ('term')
WHITE_SPACE (' ')
ITvarsym ('>-')
WHITE_SPACE (' ')
IToparen ('(')
WHITE_SPACE ('')
ITcparen (')')
WHITE_SPACE ('\n                ')
ITsemi ('')
WHITE_SPACE ('')
ITvarid ('expr'')
WHITE_SPACE (' ')
ITvarsym ('-<')
WHITE_SPACE (' ')
ITvarid ('x')
WHITE_SPACE (' ')
ITvarsym ('+')
WHITE_SPACE (' ')
ITvarid ('y')
WHITE_SPACE ('\n        ')
ITvccurly ('')
WHITE_SPACE ('')
ITvarsym ('<+>')
WHITE_SPACE (' ')
ITdo ('do')
WHITE_SPACE ('\n                ')
ITvocurly ('')
WHITE_SPACE ('')
ITvarid ('symbol')
WHITE_SPACE (' ')
ITconid ('Minus')
WHITE_SPACE (' ')
ITvarsym ('-<')
WHITE_SPACE (' ')
IToparen ('(')
WHITE_SPACE ('')
ITcparen (')')
WHITE_SPACE ('\n                ')
ITsemi ('')
WHITE_SPACE ('')
ITvarid ('y')
WHITE_SPACE (' ')
ITlarrow ('<-')
WHITE_SPACE (' ')
ITvarid ('term')
WHITE_SPACE (' ')
ITvarsym ('-<')
WHITE_SPACE (' ')
IToparen ('(')
WHITE_SPACE ('')
ITcparen (')')
WHITE_SPACE ('\n                ')
ITsemi ('')
WHITE_SPACE ('')
ITvarid ('expr'')
WHITE_SPACE (' ')
ITvarsym ('-<')
WHITE_SPACE (' ')
ITvarid ('x')
WHITE_SPACE (' ')
ITminus ('-')
WHITE_SPACE (' ')
ITvarid ('y')