WHITE_SPACE ('\n\n')
ITlineComment ('--')
WHITE_SPACE ('\n')
ITlineComment ('-- Pretend long copyright notice is here.')
WHITE_SPACE ('\n')
ITlineComment ('--')
WHITE_SPACE ('\n\n')
ITmodule ('module')
WHITE_SPACE (' ')
ITconid ('Comment1')
WHITE_SPACE (' ')
ITwhere ('where')
WHITE_SPACE ('\n\n')
ITvocurly ('')
WHITE_SPACE ('')
ITvarid ('main')
WHITE_SPACE (' ')
ITequal ('=')
WHITE_SPACE (' ')
ITvarid ('print')
WHITE_SPACE (' ')
ITstring ('"Hello, complicated world!"')
WHITE_SPACE ('\n')
ITsemi ('')