WHITE_SPACE ('#!/usr/bin/env runhaskell\n')
ITmodule ('module')
WHITE_SPACE (' ')
ITconid ('Comment00007')
WHITE_SPACE (' ')
ITwhere ('where')
WHITE_SPACE ('\n\n')
ITvocurly ('')
WHITE_SPACE ('')
ITvarid ('main')
WHITE_SPACE (' ')
ITequal ('=')
WHITE_SPACE (' ')
ITvarid ('putStrLn')
WHITE_SPACE (' ')
ITstring ('"shebang!"')
WHITE_SPACE ('\n')
ITsemi ('')