ITmodule ('module')
WHITE_SPACE ('')
ITconid (' Comment0000')
WHITE_SPACE ('2')
ITwhere (' wher')
WHITE_SPACE ('e\n\n')
ITblockComment ('{- NOTES:\n\nThe trick of doing a copy at the end, i.e. `tellProg [copyProg loc\ne]`, when compiling WithArray is important.\n-}')
WHITE_SPACE ('')
ITvocurly ('')