ITmodule ('module')
WHITE_SPACE ('')
ITconid (' Comment0000')
WHITE_SPACE ('3')
ITwhere (' wher')
WHITE_SPACE ('e\n\n')
ITblockComment ('{-\n\nNice header\n-----------\n\nWe should parse this as a comment.\n\n-}')
WHITE_SPACE ('')
ITvocurly ('')