ITblockComment ('{-# LANGUAGE MagicHash, FlexibleContexts, MultiParamTypeClasses, TypeFamilies, DataKinds #-}')
WHITE_SPACE ('\n')
ITmodule ('module')
WHITE_SPACE (' ')
ITconid ('Eta00001')
WHITE_SPACE (' ')
ITwhere ('where')
WHITE_SPACE ('\n\n')
ITvocurly ('')
ITdata ('data')
WHITE_SPACE (' ')
ITctype ('{-# CLASS')
WHITE_SPACE (' ')
ITstring ('"java.util.Collection"')
WHITE_SPACE (' ')
ITclose_prag ('#-}')
WHITE_SPACE (' ')
ITconid ('Collection')
WHITE_SPACE (' ')
ITvarid ('a')
WHITE_SPACE (' ')
ITequal ('=')
WHITE_SPACE (' ')
ITconid ('Collection')
WHITE_SPACE (' ')
IToparen ('(')
ITconid ('Object')
ITvarsym ('#')
WHITE_SPACE (' ')
IToparen ('(')
ITconid ('Collection')
WHITE_SPACE (' ')
ITvarid ('a')
ITcparen (')')
ITcparen (')')
WHITE_SPACE ('\n')
ITsemi ('')
ITdata ('data')
WHITE_SPACE (' ')
ITctype ('{-# CLASS')
WHITE_SPACE (' ')
ITstring ('"java.util.ArrayList"')
WHITE_SPACE (' ')
ITclose_prag ('#-}')
WHITE_SPACE (' ')
ITconid ('ArrayList')
WHITE_SPACE (' ')
ITvarid ('a')
WHITE_SPACE (' ')
ITequal ('=')
WHITE_SPACE (' ')
ITconid ('ArrayList')
WHITE_SPACE (' ')
IToparen ('(')
ITconid ('Object')
ITvarsym ('#')
WHITE_SPACE (' ')
IToparen ('(')
ITconid ('ArrayList')
WHITE_SPACE (' ')
ITvarid ('a')
ITcparen (')')
ITcparen (')')
WHITE_SPACE ('\n')
ITsemi ('')
ITdata ('data')
WHITE_SPACE (' ')
ITctype ('{-# CLASS')
WHITE_SPACE (' ')
ITstring ('"java.util.List"')
WHITE_SPACE (' ')
ITclose_prag ('#-}')
WHITE_SPACE (' ')
ITconid ('List')
WHITE_SPACE (' ')
ITvarid ('a')
WHITE_SPACE (' ')
ITequal ('=')
WHITE_SPACE (' ')
ITconid ('List')
WHITE_SPACE (' ')
IToparen ('(')
ITconid ('Object')
ITvarsym ('#')
WHITE_SPACE (' ')
IToparen ('(')
ITconid ('List')
WHITE_SPACE (' ')
ITvarid ('a')
ITcparen (')')
ITcparen (')')
WHITE_SPACE ('\n')
ITsemi ('')
ITdata ('data')
WHITE_SPACE (' ')
ITctype ('{-# CLASS')
WHITE_SPACE (' ')
ITstring ('"java.lang.Integer"')
WHITE_SPACE (' ')
ITclose_prag ('#-}')
WHITE_SPACE (' ')
ITconid ('JInteger')
WHITE_SPACE (' ')
ITequal ('=')
WHITE_SPACE (' ')
ITconid ('JInteger')
WHITE_SPACE (' ')
IToparen ('(')
ITconid ('Object')
ITvarsym ('#')
WHITE_SPACE (' ')
ITconid ('JInteger')
ITcparen (')')
WHITE_SPACE ('\n')
ITsemi ('')
ITdata ('data')
WHITE_SPACE (' ')
ITctype ('{-# CLASS')
WHITE_SPACE (' ')
ITstring ('"java.io.PrintStream"')
WHITE_SPACE (' ')
ITclose_prag ('#-}')
WHITE_SPACE (' ')
ITconid ('PrintStream')
WHITE_SPACE (' ')
ITequal ('=')
WHITE_SPACE (' ')
ITconid ('PrintStream')
WHITE_SPACE (' ')
IToparen ('(')
ITconid ('Object')
ITvarsym ('#')
WHITE_SPACE (' ')
ITconid ('PrintStream')
ITcparen (')')
WHITE_SPACE ('\n\n')
ITsemi ('')
ITinstance ('instance')
WHITE_SPACE (' ')
ITconid ('Class')
WHITE_SPACE (' ')
IToparen ('(')
ITconid ('ArrayList')
WHITE_SPACE (' ')
ITvarid ('a')
ITcparen (')')
WHITE_SPACE (' ')
ITwhere ('where')
WHITE_SPACE ('\n  ')
ITvocurly ('')
ITvarid ('obj')
WHITE_SPACE (' ')
ITequal ('=')
WHITE_SPACE (' ')
ITconid ('ArrayList')
WHITE_SPACE ('\n  ')
ITsemi ('')
ITvarid ('unobj')
WHITE_SPACE (' ')
IToparen ('(')
ITconid ('ArrayList')
WHITE_SPACE (' ')
ITvarid ('o')
ITcparen (')')
WHITE_SPACE (' ')
ITequal ('=')
WHITE_SPACE (' ')
ITvarid ('o')
WHITE_SPACE ('\n\n')
ITvccurly ('')
ITsemi ('')
ITinstance ('instance')
WHITE_SPACE (' ')
ITconid ('Class')
WHITE_SPACE (' ')
IToparen ('(')
ITconid ('List')
WHITE_SPACE (' ')
ITvarid ('a')
ITcparen (')')
WHITE_SPACE (' ')
ITwhere ('where')
WHITE_SPACE ('\n  ')
ITvocurly ('')
ITvarid ('obj')
WHITE_SPACE (' ')
ITequal ('=')
WHITE_SPACE (' ')
ITconid ('List')
WHITE_SPACE ('\n  ')
ITsemi ('')
ITvarid ('unobj')
WHITE_SPACE (' ')
IToparen ('(')
ITconid ('List')
WHITE_SPACE (' ')
ITvarid ('o')
ITcparen (')')
WHITE_SPACE (' ')
ITequal ('=')
WHITE_SPACE (' ')
ITvarid ('o')
WHITE_SPACE ('\n\n')
ITvccurly ('')
ITsemi ('')
ITinstance ('instance')
WHITE_SPACE (' ')
ITconid ('Class')
WHITE_SPACE (' ')
IToparen ('(')
ITconid ('Collection')
WHITE_SPACE (' ')
ITvarid ('a')
ITcparen (')')
WHITE_SPACE (' ')
ITwhere ('where')
WHITE_SPACE ('\n  ')
ITvocurly ('')
ITvarid ('obj')
WHITE_SPACE (' ')
ITequal ('=')
WHITE_SPACE (' ')
ITconid ('Collection')
WHITE_SPACE ('\n  ')
ITsemi ('')
ITvarid ('unobj')
WHITE_SPACE (' ')
IToparen ('(')
ITconid ('Collection')
WHITE_SPACE (' ')
ITvarid ('o')
ITcparen (')')
WHITE_SPACE (' ')
ITequal ('=')
WHITE_SPACE (' ')
ITvarid ('o')
WHITE_SPACE ('\n\n')
ITvccurly ('')
ITsemi ('')
ITinstance ('instance')
WHITE_SPACE (' ')
ITconid ('Class')
WHITE_SPACE (' ')
ITconid ('JInteger')
WHITE_SPACE (' ')
ITwhere ('where')
WHITE_SPACE ('\n  ')
ITvocurly ('')
ITvarid ('obj')
WHITE_SPACE (' ')
ITequal ('=')
WHITE_SPACE (' ')
ITconid ('JInteger')
WHITE_SPACE ('\n  ')
ITsemi ('')
ITvarid ('unobj')
WHITE_SPACE (' ')
IToparen ('(')
ITconid ('JInteger')
WHITE_SPACE (' ')
ITvarid ('o')
ITcparen (')')
WHITE_SPACE (' ')
ITequal ('=')
WHITE_SPACE (' ')
ITvarid ('o')
WHITE_SPACE ('\n\n')
ITvccurly ('')
ITsemi ('')
ITinstance ('instance')
WHITE_SPACE (' ')
ITconid ('Class')
WHITE_SPACE (' ')
ITconid ('PrintStream')
WHITE_SPACE (' ')
ITwhere ('where')
WHITE_SPACE ('\n  ')
ITvocurly ('')
ITvarid ('obj')
WHITE_SPACE (' ')
ITequal ('=')
WHITE_SPACE (' ')
ITconid ('PrintStream')
WHITE_SPACE ('\n  ')
ITsemi ('')
ITvarid ('unobj')
WHITE_SPACE (' ')
IToparen ('(')
ITconid ('PrintStream')
WHITE_SPACE (' ')
ITvarid ('o')
ITcparen (')')
WHITE_SPACE (' ')
ITequal ('=')
WHITE_SPACE (' ')
ITvarid ('o')
WHITE_SPACE ('\n\n')
ITvccurly ('')
ITsemi ('')
ITtype ('type')
WHITE_SPACE (' ')
ITinstance ('instance')
WHITE_SPACE (' ')
ITconid ('Inherits')
WHITE_SPACE (' ')
IToparen ('(')
ITconid ('ArrayList')
WHITE_SPACE (' ')
ITvarid ('a')
ITcparen (')')
WHITE_SPACE (' ')
ITequal ('=')
WHITE_SPACE (' ')
ITsimpleQuote (''')
ITobrack ('[')
ITconid ('List')
WHITE_SPACE (' ')
ITvarid ('a')
ITcbrack (']')
WHITE_SPACE ('\n')
ITsemi ('')
ITtype ('type')
WHITE_SPACE (' ')
ITinstance ('instance')
WHITE_SPACE (' ')
ITconid ('Inherits')
WHITE_SPACE (' ')
IToparen ('(')
ITconid ('List')
WHITE_SPACE (' ')
ITvarid ('a')
ITcparen (')')
WHITE_SPACE (' ')
ITequal ('=')
WHITE_SPACE (' ')
ITsimpleQuote (''')
ITobrack ('[')
ITconid ('Collection')
WHITE_SPACE (' ')
ITvarid ('a')
ITcbrack (']')
WHITE_SPACE ('\n')
ITsemi ('')
ITtype ('type')
WHITE_SPACE (' ')
ITinstance ('instance')
WHITE_SPACE (' ')
ITconid ('Inherits')
WHITE_SPACE (' ')
ITconid ('JInteger')
WHITE_SPACE (' ')
ITequal ('=')
WHITE_SPACE (' ')
ITsimpleQuote (''')
ITobrack ('[')
ITconid ('Object')
ITcbrack (']')
WHITE_SPACE ('\n\n')
ITsemi ('')
ITvarid ('foreign')
WHITE_SPACE (' ')
ITimport ('import')
WHITE_SPACE (' ')
ITvarid ('java')
WHITE_SPACE (' ')
ITvarid ('unsafe')
WHITE_SPACE (' ')
ITstring ('"@new"')
WHITE_SPACE (' ')
ITvarid ('newInteger')
WHITE_SPACE (' ')
ITdcolon ('::')
WHITE_SPACE (' ')
ITconid ('Int')
WHITE_SPACE (' ')
ITrarrow ('->')
WHITE_SPACE (' ')
ITconid ('JInteger')
WHITE_SPACE ('\n')
ITsemi ('')
ITvarid ('foreign')
WHITE_SPACE (' ')
ITimport ('import')
WHITE_SPACE (' ')
ITvarid ('java')
WHITE_SPACE (' ')
ITvarid ('unsafe')
WHITE_SPACE (' ')
ITstring ('"intValue"')
WHITE_SPACE (' ')
ITvarid ('intValue')
WHITE_SPACE (' ')
ITdcolon ('::')
WHITE_SPACE (' ')
ITconid ('JInteger')
WHITE_SPACE (' ')
ITrarrow ('->')
WHITE_SPACE (' ')
ITconid ('Int')
WHITE_SPACE ('\n')
ITsemi ('')
ITvarid ('foreign')
WHITE_SPACE (' ')
ITimport ('import')
WHITE_SPACE (' ')
ITvarid ('java')
WHITE_SPACE (' ')
ITvarid ('unsafe')
WHITE_SPACE (' ')
ITstring ('"@new"')
WHITE_SPACE (' ')
ITvarid ('newArrayList')
WHITE_SPACE (' ')
ITdcolon ('::')
WHITE_SPACE (' ')
ITconid ('IO')
WHITE_SPACE (' ')
IToparen ('(')
ITconid ('ArrayList')
WHITE_SPACE (' ')
ITvarid ('a')
ITcparen (')')
WHITE_SPACE ('\n')
ITsemi ('')
ITvarid ('foreign')
WHITE_SPACE (' ')
ITimport ('import')
WHITE_SPACE (' ')
ITvarid ('java')
WHITE_SPACE (' ')
ITvarid ('unsafe')
WHITE_SPACE (' ')
ITstring ('"add"')
WHITE_SPACE (' ')
ITvarid ('add')
WHITE_SPACE (' ')
ITdcolon ('::')
WHITE_SPACE (' ')
IToparen ('(')
ITconid ('Extends')
WHITE_SPACE (' ')
ITvarid ('a')
WHITE_SPACE (' ')
ITconid ('Object')
ITcomma (',')
WHITE_SPACE (' ')
ITconid ('Extends')
WHITE_SPACE (' ')
ITvarid ('b')
WHITE_SPACE (' ')
IToparen ('(')
ITconid ('Collection')
WHITE_SPACE (' ')
ITvarid ('a')
ITcparen (')')
ITcparen (')')
WHITE_SPACE (' ')
ITdarrow ('=>')
WHITE_SPACE (' ')
ITvarid ('a')
WHITE_SPACE (' ')
ITrarrow ('->')
WHITE_SPACE (' ')
ITconid ('Java')
WHITE_SPACE (' ')
ITvarid ('b')
WHITE_SPACE (' ')
ITconid ('Bool')
WHITE_SPACE ('\n')
ITsemi ('')
ITvarid ('foreign')
WHITE_SPACE (' ')
ITimport ('import')
WHITE_SPACE (' ')
ITvarid ('java')
WHITE_SPACE (' ')
ITvarid ('unsafe')
WHITE_SPACE (' ')
ITstring ('"get"')
WHITE_SPACE (' ')
ITvarid ('get')
WHITE_SPACE (' ')
ITdcolon ('::')
WHITE_SPACE (' ')
IToparen ('(')
ITconid ('Extends')
WHITE_SPACE (' ')
ITvarid ('a')
WHITE_SPACE (' ')
ITconid ('Object')
ITcomma (',')
WHITE_SPACE (' ')
ITconid ('Extends')
WHITE_SPACE (' ')
ITvarid ('b')
WHITE_SPACE (' ')
IToparen ('(')
ITconid ('List')
WHITE_SPACE (' ')
ITvarid ('a')
ITcparen (')')
ITcparen (')')
WHITE_SPACE (' ')
ITdarrow ('=>')
WHITE_SPACE (' ')
ITconid ('Int')
WHITE_SPACE (' ')
ITrarrow ('->')
WHITE_SPACE (' ')
ITconid ('Java')
WHITE_SPACE (' ')
ITvarid ('b')
WHITE_SPACE (' ')
ITvarid ('a')
WHITE_SPACE ('\n')
ITsemi ('')
ITvarid ('foreign')
WHITE_SPACE (' ')
ITimport ('import')
WHITE_SPACE (' ')
ITvarid ('java')
WHITE_SPACE (' ')
ITvarid ('unsafe')
WHITE_SPACE (' ')
ITstring ('"@static @field java.lang.System.out"')
WHITE_SPACE (' ')
ITvarid ('stdout'')
WHITE_SPACE (' ')
ITdcolon ('::')
WHITE_SPACE (' ')
ITconid ('PrintStream')
WHITE_SPACE ('\n')
ITsemi ('')
ITvarid ('foreign')
WHITE_SPACE (' ')
ITimport ('import')
WHITE_SPACE (' ')
ITvarid ('java')
WHITE_SPACE (' ')
ITvarid ('unsafe')
WHITE_SPACE (' ')
ITstring ('"println"')
WHITE_SPACE (' ')
ITvarid ('println')
WHITE_SPACE (' ')
ITdcolon ('::')
WHITE_SPACE (' ')
ITconid ('Extends')
WHITE_SPACE (' ')
ITvarid ('a')
WHITE_SPACE (' ')
ITconid ('Object')
WHITE_SPACE (' ')
ITdarrow ('=>')
WHITE_SPACE (' ')
ITconid ('PrintStream')
WHITE_SPACE (' ')
ITrarrow ('->')
WHITE_SPACE (' ')
ITvarid ('a')
WHITE_SPACE (' ')
ITrarrow ('->')
WHITE_SPACE (' ')
ITconid ('IO')
WHITE_SPACE (' ')
IToparen ('(')
ITcparen (')')