ITmodule ('module')
WHITE_SPACE ('')
ITconid (' Export0000')
WHITE_SPACE ('1\n  ')
IToparen ('(')
WHITE_SPACE ('\n    ')
IToparen ('(')
WHITE_SPACE ('')
ITqvarsym ('Prelude.$')
WHITE_SPACE ('')
ITcparen (')')
WHITE_SPACE ('\n  ')
ITcomma (',')
WHITE_SPACE (' ')
IToparen ('(')
WHITE_SPACE ('')
ITqvarsym ('Prelude.$!')
WHITE_SPACE ('')
ITcparen (')')
WHITE_SPACE ('\n  ')
ITcomma (',')
WHITE_SPACE (' ')
IToparen ('(')
WHITE_SPACE ('')
ITqvarsym ('Control.Category..')
WHITE_SPACE ('')
ITcparen (')')
WHITE_SPACE ('\n  ')
ITcomma (',')
WHITE_SPACE (' ')
ITqvarid ('Prelude.not')
WHITE_SPACE ('\n  ')
ITcparen (')')
WHITE_SPACE ('\n')
ITwhere ('where')
WHITE_SPACE ('\n\n')
ITvocurly ('')