ITblockComment ('{-# LANGUAGE ForeignFunctionInterface, InterruptibleFFI, CApiFFI #-}')
WHITE_SPACE ('\n')
ITmodule ('module')
WHITE_SPACE (' ')
ITconid ('FFI00002')
WHITE_SPACE (' ')
ITwhere ('where')
WHITE_SPACE ('\n\n')
ITvocurly ('')
WHITE_SPACE ('')
ITvarid ('foreign')
WHITE_SPACE (' ')
ITimport ('import')
WHITE_SPACE (' ')
ITvarid ('ccall')
WHITE_SPACE (' ')
ITvarid ('interruptible')
WHITE_SPACE ('\n   ')
ITstring ('"sleep"')
WHITE_SPACE (' ')
ITvarid ('sleep')
WHITE_SPACE (' ')
ITdcolon ('::')
WHITE_SPACE (' ')
ITconid ('CUint')
WHITE_SPACE (' ')
ITrarrow ('->')
WHITE_SPACE (' ')
ITconid ('IO')
WHITE_SPACE (' ')
ITconid ('CUint')
WHITE_SPACE ('\n\n')
ITsemi ('')
WHITE_SPACE ('')
ITvarid ('foreign')
WHITE_SPACE (' ')
ITimport ('import')
WHITE_SPACE (' ')
ITvarid ('ccall')
WHITE_SPACE (' ')
ITvarid ('safe')
WHITE_SPACE (' ')
ITstring ('"wool-common.h wool_init"')
WHITE_SPACE (' ')
ITvarid ('initWool')
WHITE_SPACE (' ')
ITdcolon ('::')
WHITE_SPACE (' ')
ITconid ('CInt')
WHITE_SPACE (' ')
ITrarrow ('->')
WHITE_SPACE (' ')
ITconid ('Ptr')
WHITE_SPACE (' ')
ITconid ('CString')
WHITE_SPACE (' ')
ITrarrow ('->')
WHITE_SPACE (' ')
ITconid ('IO')
WHITE_SPACE (' ')
ITconid ('CInt')
WHITE_SPACE ('\n')
ITsemi ('')
WHITE_SPACE ('')
ITvarid ('foreign')
WHITE_SPACE (' ')
ITimport ('import')
WHITE_SPACE (' ')
ITvarid ('jvm')
WHITE_SPACE (' ')
ITvarid ('interruptible')
WHITE_SPACE (' ')
ITstring ('"wool-common.h wool_init2"')
WHITE_SPACE (' ')
ITvarid ('initWool2')
WHITE_SPACE (' ')
ITdcolon ('::')
WHITE_SPACE (' ')
ITconid ('CInt')
WHITE_SPACE (' ')
ITrarrow ('->')
WHITE_SPACE (' ')
ITconid ('Ptr')
WHITE_SPACE (' ')
ITconid ('CString')
WHITE_SPACE (' ')
ITrarrow ('->')
WHITE_SPACE (' ')
ITconid ('IO')
WHITE_SPACE (' ')
ITconid ('CInt')