ITmodule ('module')
WHITE_SPACE (' ')
ITconid ('ForAll00001')
WHITE_SPACE (' ')
ITwhere ('where')
WHITE_SPACE ('\n\n')
ITvocurly ('')
ITdata ('data')
WHITE_SPACE (' ')
ITconid ('BlockedFetch')
WHITE_SPACE (' ')
ITvarid ('r')
WHITE_SPACE (' ')
ITequal ('=')
WHITE_SPACE (' ')
ITvarid ('forall')
WHITE_SPACE (' ')
ITvarid ('a')
ITdot ('.')
WHITE_SPACE (' ')
ITconid ('BlockedFetch')
WHITE_SPACE (' ')
IToparen ('(')
ITvarid ('r')
WHITE_SPACE (' ')
ITvarid ('a')
ITcparen (')')
WHITE_SPACE (' ')
IToparen ('(')
ITconid ('ResultVar')
WHITE_SPACE (' ')
ITvarid ('a')
ITcparen (')')