ITblockComment ('{-# LANGUAGE GADTs #-}')
WHITE_SPACE ('\n')
ITmodule ('module')
WHITE_SPACE (' ')
ITconid ('Fun00002')
WHITE_SPACE (' ')
ITwhere ('where')
WHITE_SPACE ('\n\n')
ITlineComment ('-- | Type and size information of a Feldspar program')
WHITE_SPACE ('\n')
ITvocurly ('')
WHITE_SPACE ('')
ITdata ('data')
WHITE_SPACE (' ')
ITconid ('Info')
WHITE_SPACE (' ')
ITvarid ('a')
WHITE_SPACE ('\n  ')
ITwhere ('where')
WHITE_SPACE ('\n    ')
ITvocurly ('')
WHITE_SPACE ('')
ITconid ('Info')
WHITE_SPACE ('\n      ')
ITdcolon ('::')
WHITE_SPACE (' ')
IToparen ('(')
WHITE_SPACE ('')
ITconid ('Show')
WHITE_SPACE (' ')
IToparen ('(')
WHITE_SPACE ('')
ITconid ('Size')
WHITE_SPACE (' ')
ITvarid ('a')
WHITE_SPACE ('')
ITcparen (')')
WHITE_SPACE ('')
ITcomma (',')
WHITE_SPACE (' ')
ITconid ('Lattice')
WHITE_SPACE (' ')
IToparen ('(')
WHITE_SPACE ('')
ITconid ('Size')
WHITE_SPACE (' ')
ITvarid ('a')
WHITE_SPACE ('')
ITcparen (')')
WHITE_SPACE ('')
ITcparen (')')
WHITE_SPACE ('\n      ')
ITdarrow ('=>')
WHITE_SPACE (' ')
ITocurly ('{')
WHITE_SPACE (' ')
ITvarid ('infoType')
WHITE_SPACE ('   ')
ITdcolon ('::')
WHITE_SPACE (' ')
ITconid ('TypeRep')
WHITE_SPACE (' ')
ITvarid ('a')
WHITE_SPACE ('\n         ')
ITcomma (',')
WHITE_SPACE (' ')
ITvarid ('infoSize')
WHITE_SPACE ('   ')
ITdcolon ('::')
WHITE_SPACE (' ')
ITconid ('Size')
WHITE_SPACE (' ')
ITvarid ('a')
WHITE_SPACE ('\n         ')
ITcomma (',')
WHITE_SPACE (' ')
ITvarid ('infoVars')
WHITE_SPACE ('   ')
ITdcolon ('::')
WHITE_SPACE (' ')
ITconid ('VarInfo')
WHITE_SPACE ('\n         ')
ITcomma (',')
WHITE_SPACE (' ')
ITvarid ('infoSource')
WHITE_SPACE (' ')
ITdcolon ('::')
WHITE_SPACE (' ')
ITconid ('SourceInfo')
WHITE_SPACE ('\n         ')
ITccurly ('}')
WHITE_SPACE ('\n      ')
ITrarrow ('->')
WHITE_SPACE (' ')
ITconid ('Info')
WHITE_SPACE (' ')
ITvarid ('a')
WHITE_SPACE ('\n')
ITvccurly ('')
WHITE_SPACE ('')
ITsemi ('')