ITblockComment ('{-# LANGUAGE ViewPatterns #-}')
WHITE_SPACE ('\n')
ITblockComment ('{-# LANGUAGE TypeOperators#-}')
WHITE_SPACE ('\n')
ITblockComment ('{-# LANGUAGE RankNTypes #-}')
WHITE_SPACE ('\n')
ITblockComment ('{-# LANGUAGE FlexibleContexts #-}')
WHITE_SPACE ('\n')
ITblockComment ('{-# LANGUAGE UnboxedTuples #-}')
WHITE_SPACE ('\n')
ITmodule ('module')
WHITE_SPACE (' ')
ITconid ('Fun00004')
WHITE_SPACE (' ')
ITwhere ('where')
WHITE_SPACE ('\n\n')
ITlineComment ('-- | A record with options for explicit passing in rewrite rules.')
WHITE_SPACE ('\n')
ITvocurly ('')
WHITE_SPACE ('')
ITdata ('data')
WHITE_SPACE (' ')
ITconid ('FeldOpts')
WHITE_SPACE (' ')
ITequal ('=')
WHITE_SPACE (' ')
ITconid ('FeldOpts')
WHITE_SPACE ('\n    ')
ITocurly ('{')
WHITE_SPACE (' ')
ITvarid ('targets')
WHITE_SPACE ('    ')
ITdcolon ('::')
WHITE_SPACE (' ')
ITobrack ('[')
WHITE_SPACE ('')
ITconid ('Target')
WHITE_SPACE ('')
ITcbrack (']')
WHITE_SPACE ('\n    ')
ITccurly ('}')
WHITE_SPACE ('\n\n')
ITlineComment ('-- | Default options.')
WHITE_SPACE ('\n')
ITsemi ('')
WHITE_SPACE ('')
ITvarid ('defaultFeldOpts')
WHITE_SPACE (' ')
ITdcolon ('::')
WHITE_SPACE (' ')
ITconid ('FeldOpts')
WHITE_SPACE ('\n')
ITsemi ('')
WHITE_SPACE ('')
ITvarid ('defaultFeldOpts')
WHITE_SPACE (' ')
ITequal ('=')
WHITE_SPACE (' ')
ITconid ('FeldOpts')
WHITE_SPACE (' ')
ITocurly ('{')
WHITE_SPACE (' ')
ITvarid ('targets')
WHITE_SPACE (' ')
ITequal ('=')
WHITE_SPACE (' ')
ITobrack ('[')
WHITE_SPACE ('')
ITcbrack (']')
WHITE_SPACE (' ')
ITccurly ('}')
WHITE_SPACE ('\n\n')
ITlineComment ('-- | Insert a variable into the environment')
WHITE_SPACE ('\n')
ITsemi ('')
WHITE_SPACE ('')
ITvarid ('localVar')
WHITE_SPACE (' ')
ITdcolon ('::')
WHITE_SPACE (' ')
ITconid ('Typeable')
WHITE_SPACE (' ')
ITvarid ('b')
WHITE_SPACE (' ')
ITdarrow ('=>')
WHITE_SPACE (' ')
ITconid ('VarId')
WHITE_SPACE (' ')
ITrarrow ('->')
WHITE_SPACE (' ')
ITconid ('Info')
WHITE_SPACE (' ')
ITvarid ('b')
WHITE_SPACE (' ')
ITrarrow ('->')
WHITE_SPACE (' ')
ITconid ('Opt')
WHITE_SPACE (' ')
ITvarid ('a')
WHITE_SPACE (' ')
ITrarrow ('->')
WHITE_SPACE (' ')
ITconid ('Opt')
WHITE_SPACE (' ')
ITvarid ('a')
WHITE_SPACE ('\n')
ITsemi ('')
WHITE_SPACE ('')
ITvarid ('localVar')
WHITE_SPACE (' ')
ITvarid ('v')
WHITE_SPACE (' ')
ITvarid ('info')
WHITE_SPACE (' ')
ITequal ('=')
WHITE_SPACE (' ')
ITvarid ('local')
WHITE_SPACE (' ')
ITvarsym ('$')
WHITE_SPACE (' ')
ITlam ('\')
WHITE_SPACE ('')
ITvarid ('env')
WHITE_SPACE (' ')
ITrarrow ('->')
WHITE_SPACE (' ')
ITvarid ('env')
WHITE_SPACE (' ')
ITocurly ('{')
WHITE_SPACE ('')
ITvarid ('varEnv')
WHITE_SPACE (' ')
ITequal ('=')
WHITE_SPACE (' ')
IToparen ('(')
WHITE_SPACE ('')
ITvarid ('v')
WHITE_SPACE ('')
ITcomma (',')
WHITE_SPACE (' ')
ITconid ('SomeInfo')
WHITE_SPACE (' ')
ITvarid ('info')
WHITE_SPACE ('')
ITcparen (')')
WHITE_SPACE ('')
ITcolon (':')
WHITE_SPACE ('')
ITvarid ('varEnv')
WHITE_SPACE (' ')
ITvarid ('env')
WHITE_SPACE ('')
ITccurly ('}')
WHITE_SPACE ('\n\n')
ITlineComment ('-- | It the expression is a literal, its value is returned, otherwise 'Nothing'')
WHITE_SPACE ('\n')
ITsemi ('')
WHITE_SPACE ('')
ITvarid ('viewLiteral')
WHITE_SPACE (' ')
ITdcolon ('::')
WHITE_SPACE (' ')
ITvarid ('forall')
WHITE_SPACE (' ')
ITvarid ('info')
WHITE_SPACE (' ')
ITvarid ('dom')
WHITE_SPACE (' ')
ITvarid ('a')
WHITE_SPACE ('')
ITdot ('.')
WHITE_SPACE (' ')
IToparen ('(')
WHITE_SPACE ('')
IToparen ('(')
WHITE_SPACE ('')
ITconid ('Literal')
WHITE_SPACE (' ')
ITconsym (':||')
WHITE_SPACE (' ')
ITconid ('Type')
WHITE_SPACE ('')
ITcparen (')')
WHITE_SPACE (' ')
ITconsym (':<:')
WHITE_SPACE (' ')
ITvarid ('dom')
WHITE_SPACE ('')
ITcparen (')')
WHITE_SPACE ('\n            ')
ITdarrow ('=>')
WHITE_SPACE (' ')
ITconid ('ASTF')
WHITE_SPACE (' ')
IToparen ('(')
WHITE_SPACE ('')
ITconid ('Decor')
WHITE_SPACE (' ')
ITvarid ('info')
WHITE_SPACE (' ')
IToparen ('(')
WHITE_SPACE ('')
ITvarid ('dom')
WHITE_SPACE (' ')
ITconsym (':||')
WHITE_SPACE (' ')
ITconid ('Typeable')
WHITE_SPACE ('')
ITcparen (')')
WHITE_SPACE ('')
ITcparen (')')
WHITE_SPACE (' ')
ITvarid ('a')
WHITE_SPACE (' ')
ITrarrow ('->')
WHITE_SPACE (' ')
ITconid ('Maybe')
WHITE_SPACE (' ')
ITvarid ('a')
WHITE_SPACE ('\n')
ITsemi ('')
WHITE_SPACE ('')
ITvarid ('viewLiteral')
WHITE_SPACE (' ')
IToparen ('(')
WHITE_SPACE ('')
ITvarid ('prjF')
WHITE_SPACE (' ')
ITrarrow ('->')
WHITE_SPACE (' ')
ITconid ('Just')
WHITE_SPACE (' ')
IToparen ('(')
WHITE_SPACE ('')
ITconid ('C'')
WHITE_SPACE (' ')
IToparen ('(')
WHITE_SPACE ('')
ITconid ('Literal')
WHITE_SPACE (' ')
ITvarid ('a')
WHITE_SPACE ('')
ITcparen (')')
WHITE_SPACE ('')
ITcparen (')')
WHITE_SPACE ('')
ITcparen (')')
WHITE_SPACE (' ')
ITequal ('=')
WHITE_SPACE (' ')
ITconid ('Just')
WHITE_SPACE (' ')
ITvarid ('a')
WHITE_SPACE ('\n')
ITsemi ('')
WHITE_SPACE ('')
ITvarid ('viewLiteral')
WHITE_SPACE (' ')
ITunderscore ('_')
WHITE_SPACE (' ')
ITequal ('=')
WHITE_SPACE (' ')
ITconid ('Nothing')
WHITE_SPACE ('\n\n')
ITsemi ('')
WHITE_SPACE ('')
ITvarid ('g')
WHITE_SPACE (' ')
ITequal ('=')
WHITE_SPACE (' ')
IToparen ('(')
WHITE_SPACE ('')
ITvarsym ('#')
WHITE_SPACE (' ')
ITvarsym ('#')
WHITE_SPACE ('')
ITcparen (')')