ITmodule ('module')
WHITE_SPACE ('')
ITconid (' Fun0000')
WHITE_SPACE ('6')
ITwhere (' wher')
WHITE_SPACE ('e\n\n')
ITvocurly ('')
WHITE_SPACE ('')
ITimport ('import')
WHITE_SPACE (' ')
ITconid ('Prelude')
WHITE_SPACE (' ')
IThiding ('hiding')
WHITE_SPACE (' ')
IToparen ('(')
WHITE_SPACE ('')
IToparen ('(')
WHITE_SPACE ('')
ITvarsym ('++')
WHITE_SPACE ('')
ITcparen (')')
WHITE_SPACE ('')
ITcomma (',')
WHITE_SPACE (' ')
IToparen ('(')
WHITE_SPACE ('')
ITdot ('.')
WHITE_SPACE ('')
ITcparen (')')
WHITE_SPACE ('')
ITcparen (')')
WHITE_SPACE ('\n\n')
ITsemi ('')
WHITE_SPACE ('')
ITvarid ('rev')
WHITE_SPACE (' ')
ITdcolon ('::')
WHITE_SPACE (' ')
ITobrack ('[')
WHITE_SPACE ('')
ITvarid ('a')
WHITE_SPACE ('')
ITcbrack (']')
WHITE_SPACE (' ')
ITrarrow ('->')
WHITE_SPACE (' ')
ITobrack ('[')
WHITE_SPACE ('')
ITvarid ('a')
WHITE_SPACE ('')
ITcbrack (']')
WHITE_SPACE ('\n')
ITsemi ('')
WHITE_SPACE ('')
ITvarid ('rev')
WHITE_SPACE (' ')
ITvarid ('xs')
WHITE_SPACE (' ')
ITequal ('=')
WHITE_SPACE (' ')
ITvarid ('go')
WHITE_SPACE (' ')
ITobrack ('[')
WHITE_SPACE ('')
ITcbrack (']')
WHITE_SPACE (' ')
ITvarid ('xs')
WHITE_SPACE ('\n    ')
ITwhere ('where')
WHITE_SPACE (' ')
ITvocurly ('')
WHITE_SPACE ('')
ITvarid ('go')
WHITE_SPACE (' ')
ITvarid ('acc')
WHITE_SPACE (' ')
ITobrack ('[')
WHITE_SPACE ('')
ITcbrack (']')
WHITE_SPACE ('     ')
ITequal ('=')
WHITE_SPACE (' ')
ITvarid ('acc')
WHITE_SPACE ('\n          ')
ITsemi ('')
WHITE_SPACE ('')
ITvarid ('go')
WHITE_SPACE (' ')
ITvarid ('acc')
WHITE_SPACE (' ')
IToparen ('(')
WHITE_SPACE ('')
ITvarid ('x')
WHITE_SPACE ('')
ITcolon (':')
WHITE_SPACE ('')
ITvarid ('xs')
WHITE_SPACE ('')
ITcparen (')')
WHITE_SPACE (' ')
ITequal ('=')
WHITE_SPACE (' ')
ITvarid ('go')
WHITE_SPACE (' ')
IToparen ('(')
WHITE_SPACE ('')
ITvarid ('x')
WHITE_SPACE ('')
ITcolon (':')
WHITE_SPACE ('')
ITvarid ('acc')
WHITE_SPACE ('')
ITcparen (')')
WHITE_SPACE (' ')
ITvarid ('xs')
WHITE_SPACE ('\n\n')
ITvccurly ('')
WHITE_SPACE ('')
ITsemi ('')
WHITE_SPACE ('')
IToparen ('(')
WHITE_SPACE ('')
ITvarsym ('++')
WHITE_SPACE ('')
ITcparen (')')
WHITE_SPACE (' ')
ITdcolon ('::')
WHITE_SPACE (' ')
ITobrack ('[')
WHITE_SPACE ('')
ITvarid ('a')
WHITE_SPACE ('')
ITcbrack (']')
WHITE_SPACE (' ')
ITrarrow ('->')
WHITE_SPACE (' ')
ITobrack ('[')
WHITE_SPACE ('')
ITvarid ('a')
WHITE_SPACE ('')
ITcbrack (']')
WHITE_SPACE (' ')
ITrarrow ('->')
WHITE_SPACE (' ')
ITobrack ('[')
WHITE_SPACE ('')
ITvarid ('a')
WHITE_SPACE ('')
ITcbrack (']')
WHITE_SPACE ('\n')
ITsemi ('')
WHITE_SPACE ('')
ITobrack ('[')
WHITE_SPACE ('')
ITcbrack (']')
WHITE_SPACE ('     ')
ITvarsym ('++')
WHITE_SPACE (' ')
ITvarid ('ys')
WHITE_SPACE (' ')
ITequal ('=')
WHITE_SPACE (' ')
ITvarid ('ys')
WHITE_SPACE ('\n')
ITsemi ('')
WHITE_SPACE ('')
IToparen ('(')
WHITE_SPACE ('')
ITvarid ('x')
WHITE_SPACE ('')
ITcolon (':')
WHITE_SPACE ('')
ITvarid ('xs')
WHITE_SPACE ('')
ITcparen (')')
WHITE_SPACE (' ')
ITvarsym ('++')
WHITE_SPACE (' ')
ITvarid ('ys')
WHITE_SPACE (' ')
ITequal ('=')
WHITE_SPACE (' ')
ITvarid ('x')
WHITE_SPACE ('')
ITcolon (':')
WHITE_SPACE ('')
IToparen ('(')
WHITE_SPACE ('')
ITvarid ('xs')
WHITE_SPACE (' ')
ITvarsym ('++')
WHITE_SPACE (' ')
ITvarid ('ys')
WHITE_SPACE ('')
ITcparen (')')
WHITE_SPACE ('\n\n')
ITsemi ('')
WHITE_SPACE ('')
IToparen ('(')
WHITE_SPACE ('')
ITvarsym ('+++')
WHITE_SPACE ('')
ITcparen (')')
WHITE_SPACE (' ')
ITequal ('=')
WHITE_SPACE (' ')
IToparen ('(')
WHITE_SPACE ('')
ITvarsym ('++')
WHITE_SPACE ('')
ITcparen (')')
WHITE_SPACE ('\n\n')
ITsemi ('')
WHITE_SPACE ('')
IToparen ('(')
WHITE_SPACE ('')
ITvarid ('f')
WHITE_SPACE (' ')
ITdot ('.')
WHITE_SPACE (' ')
ITvarid ('g')
WHITE_SPACE ('')
ITcparen (')')
WHITE_SPACE (' ')
ITvarid ('x')
WHITE_SPACE (' ')
ITequal ('=')
WHITE_SPACE (' ')
ITvarid ('f')
WHITE_SPACE (' ')
IToparen ('(')
WHITE_SPACE ('')
ITvarid ('g')
WHITE_SPACE (' ')
ITvarid ('x')
WHITE_SPACE ('')
ITcparen (')')
WHITE_SPACE ('\n\n')
ITsemi ('')
WHITE_SPACE ('')
ITinfixr ('infixr')
WHITE_SPACE (' ')
ITinteger ('5')
WHITE_SPACE (' ')
ITvarsym ('++')
WHITE_SPACE ('\n')
ITsemi ('')
WHITE_SPACE ('')
ITinfix ('infix')
WHITE_SPACE (' ')
ITinteger ('7')
WHITE_SPACE (' ')
ITconsym (':+')
WHITE_SPACE ('\n')
ITsemi ('')
WHITE_SPACE ('')
ITinfixl ('infixl')
WHITE_SPACE (' ')
ITinteger ('9')
WHITE_SPACE (' ')
ITvarsym ('+++')
WHITE_SPACE ('\n')
ITsemi ('')
WHITE_SPACE ('')
ITinfix ('infix')
WHITE_SPACE (' ')
ITinteger ('3')
WHITE_SPACE (' ')
ITdot ('.')