ITblockComment ('{-# LANGUAGE RecordWildCards #-}')
WHITE_SPACE ('\n')
ITblockComment ('{-# LANGUAGE NamedFieldPuns #-}')
WHITE_SPACE ('\n')
ITmodule ('module')
WHITE_SPACE (' ')
ITconid ('Fun00010')
WHITE_SPACE (' ')
IToparen ('(')
WHITE_SPACE ('\n    ')
ITconid ('Maybe')
WHITE_SPACE ('')
IToparen ('(')
WHITE_SPACE ('')
ITdotdot ('..')
WHITE_SPACE ('')
ITcparen (')')
WHITE_SPACE ('\n  ')
ITcomma (',')
WHITE_SPACE (' ')
ITvarid ('f')
WHITE_SPACE ('\n  ')
ITcomma (',')
WHITE_SPACE (' ')
ITconid ('Maybe')
WHITE_SPACE ('\n  ')
ITcomma (',')
WHITE_SPACE (' ')
ITconid ('Permissions')
WHITE_SPACE ('')
IToparen ('(')
WHITE_SPACE ('\n      ')
ITconid ('Permissions')
WHITE_SPACE ('')
ITcomma (',')
WHITE_SPACE ('\n      ')
ITvarid ('readable')
WHITE_SPACE ('')
ITcomma (',')
WHITE_SPACE ('       ')
ITlineComment ('-- :: Permissions -> Bool')
WHITE_SPACE ('\n      ')
ITvarid ('writable')
WHITE_SPACE ('')
ITcomma (',')
WHITE_SPACE ('       ')
ITlineComment ('-- :: Permissions -> Bool')
WHITE_SPACE ('\n      ')
ITvarid ('executable')
WHITE_SPACE ('')
ITcomma (',')
WHITE_SPACE ('     ')
ITlineComment ('-- :: Permissions -> Bool')
WHITE_SPACE ('\n      ')
ITvarid ('searchable')
WHITE_SPACE ('      ')
ITlineComment ('-- :: Permissions -> Bool')
WHITE_SPACE ('\n    ')
ITcparen (')')
WHITE_SPACE ('\n  ')
ITcomma (',')
WHITE_SPACE (' ')
ITmodule ('module')
WHITE_SPACE (' ')
ITqconid ('Data.GraphViz.Attributes.Colors')
WHITE_SPACE ('\n  ')
ITcparen (')')
WHITE_SPACE (' ')
ITwhere ('where')
WHITE_SPACE ('\n\n')
ITvocurly ('')
WHITE_SPACE ('')
ITvarid ('f')
WHITE_SPACE (' ')
IToparen ('(')
WHITE_SPACE ('')
ITconid ('Roc')
WHITE_SPACE ('')
ITocurly ('{')
WHITE_SPACE ('')
ITvarid ('url')
WHITE_SPACE (' ')
ITequal ('=')
WHITE_SPACE (' ')
ITvarid ('url')
WHITE_SPACE ('')
ITccurly ('}')
WHITE_SPACE ('')
ITcparen (')')
WHITE_SPACE (' ')
ITequal ('=')
WHITE_SPACE (' ')
ITvarid ('id')
WHITE_SPACE ('\n')
ITsemi ('')
WHITE_SPACE ('')
ITvarid ('f')
WHITE_SPACE (' ')
IToparen ('(')
WHITE_SPACE ('')
ITconid ('Rac')
WHITE_SPACE ('')
ITocurly ('{')
WHITE_SPACE ('')
ITdotdot ('..')
WHITE_SPACE ('')
ITccurly ('}')
WHITE_SPACE ('')
ITcparen (')')
WHITE_SPACE ('        ')
ITequal ('=')
WHITE_SPACE ('  ')
ITvarid ('fun')
WHITE_SPACE ('\n')
ITsemi ('')
WHITE_SPACE ('')
ITvarid ('f')
WHITE_SPACE (' ')
IToparen ('(')
WHITE_SPACE ('')
ITconid ('Ruc')
WHITE_SPACE ('')
ITocurly ('{')
WHITE_SPACE ('')
ITvarid ('a')
WHITE_SPACE ('')
ITccurly ('}')
WHITE_SPACE ('')
ITcparen (')')
WHITE_SPACE ('         ')
ITequal ('=')
WHITE_SPACE (' ')
ITvarid ('a')