ITmodule ('module')
WHITE_SPACE ('')
ITconid (' Fun0001')
WHITE_SPACE ('3')
ITwhere (' wher')
WHITE_SPACE ('e\n\n')
ITvocurly ('')
WHITE_SPACE ('')
ITdata ('data')
WHITE_SPACE (' ')
ITconid ('Manifest')
WHITE_SPACE (' ')
ITvarid ('sh')
WHITE_SPACE (' ')
ITvarid ('a')
WHITE_SPACE (' ')
ITequal ('=')
WHITE_SPACE (' ')
ITconid ('Syntax')
WHITE_SPACE (' ')
ITvarid ('a')
WHITE_SPACE (' ')
ITdarrow ('=>')
WHITE_SPACE (' ')
ITconid ('Manifest')
WHITE_SPACE (' ')
IToparen ('(')
WHITE_SPACE ('')
ITconid ('Data')
WHITE_SPACE (' ')
ITobrack ('[')
WHITE_SPACE ('')
ITconid ('Internal')
WHITE_SPACE (' ')
ITvarid ('a')
WHITE_SPACE ('')
ITcbrack (']')
WHITE_SPACE ('')
ITcparen (')')
WHITE_SPACE (' ')
IToparen ('(')
WHITE_SPACE ('')
ITconid ('Data')
WHITE_SPACE (' ')
ITobrack ('[')
WHITE_SPACE ('')
ITconid ('Length')
WHITE_SPACE ('')
ITcbrack (']')
WHITE_SPACE ('')
ITcparen (')')
WHITE_SPACE ('\n')
ITsemi ('')