ITvarid ('main')
WHITE_SPACE (' ')
ITequal ('=')
WHITE_SPACE (' ')
ITvarid ('print')
WHITE_SPACE (' ')
ITstring ('"Hello, World!"')
WHITE_SPACE ('\n')
