ITmodule ('module')
WHITE_SPACE ('')
ITconid (' Hello0000')
WHITE_SPACE ('3')
ITwhere (' wher')
WHITE_SPACE ('e\n\n')
ITvocurly ('')
WHITE_SPACE ('')
ITvarid ('main')
WHITE_SPACE (' ')
ITequal ('=')
WHITE_SPACE (' ')
ITvarid ('print')
WHITE_SPACE (' ')
ITstring ('"Hello, World!"')
WHITE_SPACE ('\n\n')
ITsemi ('')
WHITE_SPACE ('')
ITmodule ('module')
WHITE_SPACE (' ')
ITconid ('Illegal')
WHITE_SPACE (' ')
ITwhere ('where')
WHITE_SPACE ('\n\n')
ITvocurly ('')
WHITE_SPACE ('')
ITvccurly ('')
WHITE_SPACE ('')
ITsemi ('')
WHITE_SPACE ('')
ITvarid ('main')
WHITE_SPACE (' ')
ITequal ('=')
WHITE_SPACE (' ')
ITstring ('"I'm invisible!"')