ITmodule ('module')
WHITE_SPACE (' ')
ITconid ('Hello2')
WHITE_SPACE (' ')
ITwhere ('where')
WHITE_SPACE ('\n\n')
ITvocurly ('')
ITvarid ('main')
WHITE_SPACE (' ')
ITequal ('=')
WHITE_SPACE (' ')
ITvarid ('print')
WHITE_SPACE (' ')
ITstring ('"Hello, World!"')
WHITE_SPACE ('\n')
ITsemi ('')