ITmodule ('module')
WHITE_SPACE (' ')
ITconid ('Import00002')
WHITE_SPACE (' ')
ITwhere ('where')
WHITE_SPACE ('\n\n')
ITvocurly ('')
ITimport ('import')
WHITE_SPACE (' ')
ITqualified ('qualified')
WHITE_SPACE (' ')
ITconid ('Prelude')
WHITE_SPACE (' ')
IThiding ('hiding')
WHITE_SPACE (' ')
IToparen ('(')
ITvarid ('zipWith')
ITcomma (',')
WHITE_SPACE (' ')
ITvarid ('head')
ITcparen (')')
WHITE_SPACE ('\n')
ITsemi ('')
ITimport ('import')
WHITE_SPACE (' ')
ITqconid ('Data.Maybe')
WHITE_SPACE (' ')
IToparen ('(')
ITvarid ('fromMaybe')
ITcomma (',')
WHITE_SPACE (' ')
ITvarid ('isJust')
ITcparen (')')
WHITE_SPACE ('\n')
ITsemi ('')
ITimport ('import')
WHITE_SPACE (' ')
ITqualified ('qualified')
WHITE_SPACE (' ')
ITqconid ('Data.Maybe')
WHITE_SPACE (' ')
IToparen ('(')
ITconid ('Maybe')
IToparen ('(')
ITdotdot ('..')
ITcparen (')')
ITcparen (')')
WHITE_SPACE ('\n')
ITsemi ('')
ITimport ('import')
WHITE_SPACE (' ')
ITqualified ('qualified')
WHITE_SPACE (' ')
ITconid ('Prelude')
WHITE_SPACE (' ')
ITas ('as')
WHITE_SPACE (' ')
ITconid ('P')
WHITE_SPACE ('\n\n')
ITsemi ('')
ITdata ('data')
WHITE_SPACE (' ')
ITconid ('Maybe2')
WHITE_SPACE (' ')
ITvarid ('a')
WHITE_SPACE (' ')
ITequal ('=')
WHITE_SPACE (' ')
ITconid ('Just2')
WHITE_SPACE (' ')
ITvarid ('a')
WHITE_SPACE (' ')
ITvbar ('|')
WHITE_SPACE (' ')
ITconid ('Nothing2')
WHITE_SPACE ('\n\n')
ITsemi ('')
ITvarid ('dropBitMask')
WHITE_SPACE (' ')
ITdcolon ('::')
WHITE_SPACE (' ')
ITqconid ('B.ByteString')
WHITE_SPACE (' ')
ITrarrow ('->')
WHITE_SPACE (' ')
ITqconid ('B.ByteString')
WHITE_SPACE ('\n')
ITsemi ('')
ITvarid ('dropBitMask')
WHITE_SPACE (' ')
ITvarid ('xs')
WHITE_SPACE ('  ')
ITequal ('=')
WHITE_SPACE (' ')
ITvarid ('go')
WHITE_SPACE (' ')
IToparen ('(')
ITqvarid ('B.breakSubstring')
WHITE_SPACE (' ')
ITstring ('"here"')
WHITE_SPACE (' ')
ITvarid ('xs')
ITcparen (')')
WHITE_SPACE (' ')
ITobrack ('[')
ITcbrack (']')
WHITE_SPACE ('\n  ')
ITwhere ('where')
WHITE_SPACE (' ')
ITvocurly ('')
ITvarid ('comma')
WHITE_SPACE (' ')
ITequal ('=')
WHITE_SPACE (' ')
ITqvarid ('B.pack')
WHITE_SPACE (' ')
ITstring ('","')
WHITE_SPACE ('\n        ')
ITsemi ('')
ITvarid ('rparen')
WHITE_SPACE (' ')
ITequal ('=')
WHITE_SPACE (' ')
ITqvarid ('B.pack')
WHITE_SPACE (' ')
ITstring ('")"')
WHITE_SPACE ('\n        ')
ITsemi ('')
ITvarid ('go')
WHITE_SPACE (' ')
IToparen ('(')
ITvarid ('h')
ITcomma (',')
WHITE_SPACE (' ')
ITvarid ('t')
ITcparen (')')
WHITE_SPACE (' ')
ITvarid ('acc')
WHITE_SPACE ('\n          ')
ITvbar ('|')
WHITE_SPACE (' ')
ITqvarid ('B.null')
WHITE_SPACE (' ')
ITvarid ('t')
WHITE_SPACE (' ')
ITequal ('=')
WHITE_SPACE (' ')
ITqvarid ('B.append')
WHITE_SPACE (' ')
IToparen ('(')
ITqvarid ('B.concat')
WHITE_SPACE (' ')
ITvarsym ('$')
WHITE_SPACE (' ')
ITvarid ('reverse')
WHITE_SPACE (' ')
ITvarid ('acc')
ITcparen (')')
WHITE_SPACE (' ')
ITvarid ('h')
WHITE_SPACE ('\n          ')
ITvbar ('|')
WHITE_SPACE (' ')
ITvarid ('otherwise')
WHITE_SPACE (' ')
ITequal ('=')
WHITE_SPACE (' ')
ITvarid ('go')
WHITE_SPACE (' ')
IToparen ('(')
ITqvarid ('B.breakSubstring')
WHITE_SPACE (' ')
ITvarid ('wrd')
WHITE_SPACE (' ')
ITvarid ('rest')
ITcparen (')')
WHITE_SPACE (' ')
IToparen ('(')
ITvarid ('rparen')
ITcolon (':')
ITas ('as')
ITcolon (':')
ITvarid ('wrd')
ITcolon (':')
ITvarid ('h')
ITcolon (':')
ITvarid ('acc')
ITcparen (')')
WHITE_SPACE ('\n             ')
ITwhere ('where')
WHITE_SPACE (' ')
ITvocurly ('')
IToparen ('(')
ITas ('as')
ITcomma (',')
WHITE_SPACE (' ')
ITvarid ('rest')
ITcparen (')')
WHITE_SPACE (' ')
ITequal ('=')
WHITE_SPACE (' ')
ITvarid ('fixArg')
WHITE_SPACE (' ')
IToparen ('(')
ITqvarid ('B.span')
WHITE_SPACE (' ')
IToparen ('(')
ITvarsym ('/=')
WHITE_SPACE (' ')
ITchar ('';'')
ITcparen (')')
WHITE_SPACE (' ')
ITvarsym ('$')
WHITE_SPACE (' ')
ITqvarid ('B.drop')
WHITE_SPACE (' ')
IToparen ('(')
ITqvarid ('B.length')
WHITE_SPACE (' ')
ITvarid ('wrd')
ITcparen (')')
WHITE_SPACE (' ')
ITvarid ('t')
ITcparen (')')
WHITE_SPACE ('\n\n')
ITvccurly ('')
ITvccurly ('')
ITsemi ('')