ITmodule ('module')
WHITE_SPACE ('')
ITconid (' Import0000')
WHITE_SPACE ('4')
ITwhere (' wher')
WHITE_SPACE ('e\n\n')
ITvocurly ('')
WHITE_SPACE ('')
ITimport ('import')
WHITE_SPACE (' ')
ITqconid ('Data.ByteString.Char8')
WHITE_SPACE (' ')
IToparen ('(')
WHITE_SPACE ('')
ITcparen (')')
WHITE_SPACE ('\n')
ITsemi ('')