ITmodule ('module')
WHITE_SPACE (' ')
ITconid ('Import1')
WHITE_SPACE (' ')
ITwhere ('where')
WHITE_SPACE ('\n\n')
ITvocurly ('')
ITimport ('import')
WHITE_SPACE (' ')
ITqualified ('qualified')
WHITE_SPACE (' ')
ITconid ('Prelude')
WHITE_SPACE (' ')
IThiding ('hiding')
WHITE_SPACE (' ')
IToparen ('(')
ITvarid ('zipWith')
ITcomma (',')
WHITE_SPACE (' ')
ITvarid ('head')
ITcparen (')')
WHITE_SPACE ('\n')
ITsemi ('')
ITimport ('import')
WHITE_SPACE (' ')
ITqconid ('Data.Maybe')
WHITE_SPACE (' ')
IToparen ('(')
ITvarid ('fromMaybe')
ITcomma (',')
WHITE_SPACE (' ')
ITvarid ('isJust')
ITcparen (')')
WHITE_SPACE ('\n')
ITsemi ('')
ITimport ('import')
WHITE_SPACE (' ')
ITqualified ('qualified')
WHITE_SPACE (' ')
ITqconid ('Data.Maybe')
WHITE_SPACE (' ')
IToparen ('(')
ITconid ('Maybe')
IToparen ('(')
ITdotdot ('..')
ITcparen (')')
ITcparen (')')
WHITE_SPACE ('\n')
ITsemi ('')
ITimport ('import')
WHITE_SPACE (' ')
ITqualified ('qualified')
WHITE_SPACE (' ')
ITconid ('Prelude')
WHITE_SPACE (' ')
ITas ('as')
WHITE_SPACE (' ')
ITconid ('P')
WHITE_SPACE ('\n\n')
ITsemi ('')