ITmodule ('module')
WHITE_SPACE ('')
ITconid (' Infix0000')
WHITE_SPACE ('1')
ITwhere (' wher')
WHITE_SPACE ('e\n\n')
ITvocurly ('')
WHITE_SPACE ('')
ITvarid ('val')
WHITE_SPACE (' ')
ITequal ('=')
WHITE_SPACE (' ')
ITinteger ('1')
WHITE_SPACE (' ')
ITbackquote ('`')
WHITE_SPACE ('')
ITqvarid ('Prelude.elem')
WHITE_SPACE ('')
ITbackquote ('`')
WHITE_SPACE (' ')
ITobrack ('[')
WHITE_SPACE ('')
ITinteger ('1')
WHITE_SPACE ('')
ITcomma (',')
WHITE_SPACE (' ')
ITinteger ('2')
WHITE_SPACE ('')
ITcomma (',')
WHITE_SPACE (' ')
ITinteger ('3')
WHITE_SPACE ('')
ITcbrack (']')
WHITE_SPACE ('\n')
ITsemi ('')