ITblockComment ('{-# LANGUAGE DataKinds #-}')
WHITE_SPACE ('\n')
ITblockComment ('{-# LANGUAGE KindSignatures #-}')
WHITE_SPACE ('\n')
ITblockComment ('{-# LANGUAGE GADTs #-}')
WHITE_SPACE ('\n')
ITblockComment ('{-# LANGUAGE TypeOperators #-}')
WHITE_SPACE ('\n')
ITmodule ('module')
WHITE_SPACE (' ')
ITconid ('Kind00003')
WHITE_SPACE (' ')
ITwhere ('where')
WHITE_SPACE ('\n\n\n')
ITblockComment ('{-\n-- FIXME: Waiting on https://github.com/haskell-suite/haskell-src-exts/issues/125\ndata HList :: [*] -> * where\n  HNil  :: HList '[]\n  HCons :: a -> HList t -> HList (a ': t)\n\n-- FIXME: Waiting on https://github.com/haskell-suite/haskell-src-exts/issues/124\ndata Tuple :: (*,*) -> * where\n  Tuple :: a -> b -> Tuple '(a,b)\n-}')
WHITE_SPACE ('\n\n\n')
ITvocurly ('')
ITclass ('class')
WHITE_SPACE (' ')
ITconid ('C1')
WHITE_SPACE (' ')
IToparen ('(')
ITvarid ('a')
WHITE_SPACE (' ')
ITdcolon ('::')
WHITE_SPACE (' ')
ITconid ('Bool')
WHITE_SPACE (' ')
ITblockComment ('{- 1 -}')
ITcparen (')')
WHITE_SPACE (' ')
ITwhere ('where')
WHITE_SPACE ('\n    ')
ITvocurly ('')
ITvarid ('c')
WHITE_SPACE (' ')
ITdcolon ('::')
WHITE_SPACE (' ')
ITvarid ('proxy')
WHITE_SPACE (' ')
ITvarid ('a')
WHITE_SPACE (' ')
ITrarrow ('->')
WHITE_SPACE (' ')
ITconid ('Int')
WHITE_SPACE ('\n\n')
ITvccurly ('')
ITsemi ('')
ITclass ('class')
WHITE_SPACE (' ')
ITconid ('C2')
WHITE_SPACE (' ')
IToparen ('(')
ITvarid ('a')
WHITE_SPACE (' ')
ITdcolon ('::')
WHITE_SPACE (' ')
ITobrack ('[')
WHITE_SPACE (' ')
ITstar ('*')
WHITE_SPACE (' ')
ITcbrack (']')
ITcparen (')')
WHITE_SPACE ('\n\n')
ITsemi ('')
ITclass ('class')
WHITE_SPACE (' ')
ITconid ('C3')
WHITE_SPACE (' ')
IToparen ('(')
ITvarid ('a')
WHITE_SPACE (' ')
ITdcolon ('::')
WHITE_SPACE (' ')
ITobrack ('[')
IToparen ('(')
ITconid ('Int')
ITcomma (',')
WHITE_SPACE (' ')
ITconid ('Double')
ITcparen (')')
ITcbrack (']')
ITcparen (')')
WHITE_SPACE ('\n\n')
ITsemi ('')
ITclass ('class')
WHITE_SPACE (' ')
ITconid ('C4')
WHITE_SPACE (' ')
IToparen ('(')
ITvarid ('a')
WHITE_SPACE (' ')
ITdcolon ('::')
WHITE_SPACE (' ')
IToparen ('(')
WHITE_SPACE (' ')
ITstar ('*')
WHITE_SPACE (' ')
ITcparen (')')
ITcparen (')')
WHITE_SPACE ('\n\n')
ITsemi ('')
ITdata ('data')
WHITE_SPACE (' ')
ITconid ('X')
WHITE_SPACE (' ')
IToparen ('(')
ITvarid ('a')
WHITE_SPACE (' ')
ITdcolon ('::')
WHITE_SPACE (' ')
ITobrack ('[')
ITstar ('*')
ITcbrack (']')
ITcparen (')')
WHITE_SPACE ('\n\n')
ITsemi ('')
ITvarid ('x1')
WHITE_SPACE (' ')
ITequal ('=')
WHITE_SPACE (' ')
ITvarid ('undefined')
WHITE_SPACE (' ')
ITdcolon ('::')
WHITE_SPACE (' ')
ITconid ('X')
WHITE_SPACE (' ')
ITsimpleQuote (''')
ITobrack ('[')
ITconid ('Int')
ITcbrack (']')
WHITE_SPACE ('\n')
ITsemi ('')
ITvarid ('x2')
WHITE_SPACE (' ')
ITequal ('=')
WHITE_SPACE (' ')
ITvarid ('undefined')
WHITE_SPACE (' ')
ITdcolon ('::')
WHITE_SPACE (' ')
ITconid ('X')
WHITE_SPACE (' ')
ITsimpleQuote (''')
ITobrack ('[')
ITconid ('Int')
ITcomma (',')
WHITE_SPACE (' ')
ITconid ('Double')
ITcbrack (']')
WHITE_SPACE ('\n\n')
ITsemi ('')
ITdata ('data')
WHITE_SPACE (' ')
ITconid ('Y')
WHITE_SPACE (' ')
IToparen ('(')
ITvarid ('a')
WHITE_SPACE (' ')
ITdcolon ('::')
WHITE_SPACE (' ')
IToparen ('(')
ITstar ('*')
ITcomma (',')
WHITE_SPACE (' ')
ITconid ('Bool')
ITcparen (')')
ITcparen (')')
WHITE_SPACE ('\n\n')
ITsemi ('')
ITvarid ('y1')
WHITE_SPACE (' ')
ITequal ('=')
WHITE_SPACE (' ')
ITvarid ('undefined')
WHITE_SPACE (' ')
ITdcolon ('::')
WHITE_SPACE (' ')
ITconid ('Y')
WHITE_SPACE (' ')
ITsimpleQuote (''')
IToparen ('(')
ITconid ('Double')
ITcomma (',')
WHITE_SPACE (' ')
ITconid ('True')
ITcparen (')')
WHITE_SPACE ('\n')
ITsemi ('')
ITvarid ('y2')
WHITE_SPACE (' ')
ITequal ('=')
WHITE_SPACE (' ')
ITvarid ('undefined')
WHITE_SPACE (' ')
ITdcolon ('::')
WHITE_SPACE (' ')
ITconid ('Y')
WHITE_SPACE (' ')
ITsimpleQuote (''')
IToparen ('(')
ITconid ('Double')
ITcomma (',')
WHITE_SPACE (' ')
ITsimpleQuote (''')
ITconid ('False')
WHITE_SPACE (' ')
ITblockComment ('{-comment-}')
ITcparen (')')
WHITE_SPACE ('\n')
ITsemi ('')