ITmodule ('module')
WHITE_SPACE ('')
ITconid (' Lambda')
WHITE_SPACE ('1')
ITwhere (' wher')
WHITE_SPACE ('e\n\n')
ITvocurly ('')
WHITE_SPACE ('')
ITvarid ('zip'')
WHITE_SPACE (' ')
ITequal ('=')
WHITE_SPACE (' ')
ITvarid ('zipWith')
WHITE_SPACE (' ')
IToparen ('(')
WHITE_SPACE ('')
ITlam ('\')
WHITE_SPACE ('')
ITvarid ('a')
WHITE_SPACE (' ')
ITvarid ('b')
WHITE_SPACE (' ')
ITrarrow ('->')
WHITE_SPACE (' ')
IToparen ('(')
WHITE_SPACE ('')
ITvarid ('a')
WHITE_SPACE ('')
ITcomma (',')
WHITE_SPACE ('')
ITvarid ('b')
WHITE_SPACE ('')
ITcparen (')')
WHITE_SPACE ('')
ITcparen (')')
WHITE_SPACE ('\n')
ITsemi ('')