ITmodule ('module')
WHITE_SPACE ('')
ITconid (' Layout0000')
WHITE_SPACE ('3')
ITwhere (' wher')
WHITE_SPACE ('e\n\n')
ITvocurly ('')
WHITE_SPACE ('')
ITvarid ('pretty')
WHITE_SPACE (' ')
ITvarid ('s')
WHITE_SPACE (' ')
ITequal ('=')
WHITE_SPACE ('\n   ')
ITvarid ('myVcat')
WHITE_SPACE (' ')
ITvarsym ('$')
WHITE_SPACE ('\n       ')
IToparen ('(')
WHITE_SPACE ('')
ITcase ('case')
WHITE_SPACE (' ')
ITvarid ('mbHead')
WHITE_SPACE (' ')
ITof ('of')
WHITE_SPACE ('\n           ')
ITvocurly ('')
WHITE_SPACE ('')
ITconid ('Just')
WHITE_SPACE (' ')
ITvarid ('h')
WHITE_SPACE ('  ')
ITrarrow ('->')
WHITE_SPACE (' ')
ITvarid ('h')
WHITE_SPACE ('')
ITcparen (')')
WHITE_SPACE ('\n\n')
ITvccurly ('')
WHITE_SPACE ('')
ITsemi ('')