ITmodule ('module')
WHITE_SPACE (' ')
ITconid ('Layout00009')
WHITE_SPACE (' ')
ITwhere ('where')
WHITE_SPACE ('\n\n\n')
ITvocurly ('')
ITvarid ('xs')
WHITE_SPACE (' ')
ITequal ('=')
WHITE_SPACE (' ')
ITobrack ('[')
WHITE_SPACE (' ')
ITstring ('"foo"')
WHITE_SPACE ('\n     ')
ITcomma (',')
WHITE_SPACE ('\n     ')
ITcbrack (']')
WHITE_SPACE ('\n')
ITsemi ('')