ITmodule ('module')
WHITE_SPACE ('')
ITconid (' Layout0001')
WHITE_SPACE ('6')
ITwhere (' wher')
WHITE_SPACE ('e\n\n')
ITvocurly ('')
WHITE_SPACE ('')
ITvarid ('decodeLen')
WHITE_SPACE (' ')
ITvarid ('e')
WHITE_SPACE ('\n    ')
ITvbar ('|')
WHITE_SPACE (' ')
ITobrack ('[')
WHITE_SPACE ('')
ITvarid ('p')
WHITE_SPACE ('')
ITat ('@')
WHITE_SPACE ('')
IToparen ('(')
WHITE_SPACE ('')
ITunderscore ('_')
WHITE_SPACE ('')
ITcomma (',')
WHITE_SPACE ('')
ITunderscore ('_')
WHITE_SPACE ('')
ITcparen (')')
WHITE_SPACE ('')
ITcbrack (']')
WHITE_SPACE (' ')
ITlarrow ('<-')
WHITE_SPACE (' ')
ITvarid ('reads')
WHITE_SPACE (' ')
ITvarid ('e')
WHITE_SPACE (' ')
ITdcolon ('::')
WHITE_SPACE (' ')
ITobrack ('[')
WHITE_SPACE ('')
IToparen ('(')
WHITE_SPACE ('')
ITconid ('Int')
WHITE_SPACE ('')
ITcomma (',')
WHITE_SPACE ('')
ITconid ('String')
WHITE_SPACE ('')
ITcparen (')')
WHITE_SPACE ('')
ITcbrack (']')
WHITE_SPACE ('\n    ')
ITequal ('=')
WHITE_SPACE (' ')
ITconid ('Just')
WHITE_SPACE (' ')
ITvarid ('p')
WHITE_SPACE ('\n\n')
ITsemi ('')