ITmodule ('module')
WHITE_SPACE (' ')
ITconid ('Layout00025')
WHITE_SPACE (' ')
ITwhere ('where')
WHITE_SPACE ('\n\n')
ITvocurly ('')
ITimport ('import')
WHITE_SPACE ('           ')
ITqconid ('Text.Parsec')
WHITE_SPACE ('\n')
ITsemi ('')
ITimport ('import')
WHITE_SPACE ('           ')
ITqconid ('Text.Parsec.String')
WHITE_SPACE ('\n\n')
ITsemi ('')
ITvarid ('testParser')
WHITE_SPACE (' ')
ITdcolon ('::')
WHITE_SPACE (' ')
ITconid ('Parser')
WHITE_SPACE (' ')
ITconid ('Char')
WHITE_SPACE ('\n')
ITsemi ('')
ITvarid ('testParser')
WHITE_SPACE (' ')
ITequal ('=')
WHITE_SPACE (' ')
ITdo ('do')
WHITE_SPACE ('\n    ')
ITvocurly ('')
ITvarid ('c')
WHITE_SPACE (' ')
ITlarrow ('<-')
WHITE_SPACE (' ')
ITvarid ('char')
WHITE_SPACE (' ')
ITchar (''c'')
WHITE_SPACE ('\n    ')
ITsemi ('')
ITvarsym ('<?>')
WHITE_SPACE (' ')
ITstring ('"char c expected"')
WHITE_SPACE ('\n')
ITvccurly ('')
ITsemi ('')