ITmodule ('module')
WHITE_SPACE (' ')
ITconid ('Layout00021')
WHITE_SPACE (' ')
ITwhere ('where')
WHITE_SPACE ('\n\n')
ITvocurly ('')
ITvarid ('runGhcModT')
WHITE_SPACE (' ')
ITvarid ('opt')
WHITE_SPACE (' ')
ITvarid ('action')
WHITE_SPACE (' ')
ITequal ('=')
WHITE_SPACE (' ')
ITdo ('do')
WHITE_SPACE ('\n    ')
ITvocurly ('')
IToparen ('(')
ITvarid ('f')
WHITE_SPACE (' ')
ITvarsym ('$')
WHITE_SPACE (' ')
ITdo ('do')
WHITE_SPACE (' ')
ITvocurly ('')
ITvarid ('action')
ITcparen (')')
WHITE_SPACE ('\n\n')
ITvccurly ('')
ITvccurly ('')
ITsemi ('')
ITvarid ('runGhcModT'')
WHITE_SPACE (' ')
ITvarid ('a')
WHITE_SPACE (' ')
ITequal ('=')
WHITE_SPACE (' ')
ITdo ('do')
WHITE_SPACE ('\n  ')
ITvocurly ('')
ITvarid ('return')
WHITE_SPACE (' ')
ITvarid ('res')
WHITE_SPACE ('\n')
ITvccurly ('')
ITsemi ('')