ITmodule ('module')
WHITE_SPACE (' ')
ITconid ('Layout00017')
WHITE_SPACE (' ')
ITwhere ('where')
WHITE_SPACE ('\n\n')
ITvocurly ('')
ITvarid ('foo')
WHITE_SPACE (' ')
ITequal ('=')
WHITE_SPACE (' ')
ITdo ('do')
WHITE_SPACE ('\n    ')
ITvocurly ('')
ITif ('if')
WHITE_SPACE (' ')
ITconid ('True')
WHITE_SPACE (' ')
ITthen ('then')
WHITE_SPACE ('\n        ')
ITvarid ('putStrLn')
WHITE_SPACE (' ')
ITstring ('"yep"')
WHITE_SPACE ('\n    ')
ITsemi ('')
ITelse ('else')
WHITE_SPACE ('\n        ')
ITvarid ('putStrLn')
WHITE_SPACE (' ')
ITstring ('"nope"')
WHITE_SPACE ('\n')
ITvccurly ('')
ITsemi ('')