ITmodule ('module')
WHITE_SPACE (' ')
ITconid ('Layout00015')
WHITE_SPACE (' ')
ITwhere ('where')
WHITE_SPACE ('\n\n')
ITvocurly ('')
ITvarid ('decodeType')
WHITE_SPACE (' ')
ITdcolon ('::')
WHITE_SPACE (' ')
ITconid ('String')
WHITE_SPACE (' ')
ITrarrow ('->')
WHITE_SPACE (' ')
ITobrack ('[')
ITconid ('Type')
ITcbrack (']')
WHITE_SPACE ('\n')
ITsemi ('')
ITvarid ('decodeType')
WHITE_SPACE (' ')
ITvarid ('s')
WHITE_SPACE (' ')
ITequal ('=')
WHITE_SPACE (' ')
ITvarid ('goL')
WHITE_SPACE (' ')
ITvarid ('s')
WHITE_SPACE (' ')
ITobrack ('[')
ITcbrack (']')
WHITE_SPACE ('\n  ')
ITwhere ('where')
WHITE_SPACE ('\n    ')
ITvocurly ('')
ITvarid ('goL')
WHITE_SPACE (' ')
ITobrack ('[')
ITcbrack (']')
WHITE_SPACE (' ')
ITvarid ('acc')
WHITE_SPACE (' ')
ITequal ('=')
WHITE_SPACE (' ')
ITvarid ('reverse')
WHITE_SPACE (' ')
ITvarid ('acc')
WHITE_SPACE ('\n    ')
ITsemi ('')
ITvarid ('goL')
WHITE_SPACE (' ')
ITvarid ('s')
WHITE_SPACE (' ')
ITvarid ('acc')
WHITE_SPACE (' ')
ITequal ('=')
WHITE_SPACE (' ')
ITvarid ('goL')
WHITE_SPACE (' ')
ITvarid ('rest'')
WHITE_SPACE (' ')
IToparen ('(')
ITvarid ('out')
ITcolon (':')
ITvarid ('acc')
ITcparen (')')
WHITE_SPACE ('\n       ')
ITwhere ('where')
WHITE_SPACE (' ')
ITvocurly ('')
IToparen ('(')
ITvarid ('out')
ITcomma (',')
WHITE_SPACE (' ')
ITvarid ('rest')
ITcparen (')')
WHITE_SPACE (' ')
ITequal ('=')
WHITE_SPACE (' ')
ITvarid ('go')
WHITE_SPACE (' ')
ITvarid ('s')
WHITE_SPACE ('\n             ')
ITsemi ('')
ITvarid ('rest'')
WHITE_SPACE (' ')
ITequal ('=')
WHITE_SPACE (' ')
ITcase ('case')
WHITE_SPACE (' ')
ITvarid ('rest')
WHITE_SPACE (' ')
ITof ('of')
WHITE_SPACE ('\n                      ')
ITvocurly ('')
ITchar (''_'')
ITcolon (':')
ITvarid ('t')
WHITE_SPACE (' ')
ITrarrow ('->')
WHITE_SPACE (' ')
ITvarid ('t')
WHITE_SPACE ('\n                      ')
ITsemi ('')
ITunderscore ('_')
WHITE_SPACE ('     ')
ITrarrow ('->')
WHITE_SPACE (' ')
ITvarid ('rest')
WHITE_SPACE ('\n\n    ')
ITvccurly ('')
ITvccurly ('')
ITsemi ('')
ITvarid ('go')
WHITE_SPACE (' ')
IToparen ('(')
ITvarid ('stripPrefix')
WHITE_SPACE (' ')
ITstring ('"void"')
WHITE_SPACE ('     ')
ITrarrow ('->')
WHITE_SPACE (' ')
ITconid ('Just')
WHITE_SPACE (' ')
ITvarid ('t')
ITcparen (')')
WHITE_SPACE (' ')
ITequal ('=')
WHITE_SPACE (' ')
IToparen ('(')
ITconid ('VoidType')
ITcomma (',')
WHITE_SPACE (' ')
ITvarid ('t')
ITcparen (')')
WHITE_SPACE ('\n    ')
ITsemi ('')
ITvarid ('go')
WHITE_SPACE (' ')
IToparen ('(')
ITvarid ('stripPrefix')
WHITE_SPACE (' ')
ITstring ('"bool"')
WHITE_SPACE ('     ')
ITrarrow ('->')
WHITE_SPACE (' ')
ITconid ('Just')
WHITE_SPACE (' ')
ITvarid ('t')
ITcparen (')')
WHITE_SPACE (' ')
ITequal ('=')
WHITE_SPACE (' ')
IToparen ('(')
ITconid ('MachineVector')
WHITE_SPACE (' ')
ITinteger ('1')
WHITE_SPACE (' ')
ITconid ('BoolType')
ITcomma (',')
WHITE_SPACE (' ')
ITvarid ('t')
ITcparen (')')
WHITE_SPACE ('\n')
ITvccurly ('')
ITsemi ('')