ITmodule ('module')
WHITE_SPACE (' ')
ITconid ('Layout00019')
WHITE_SPACE (' ')
ITwhere ('where')
WHITE_SPACE ('\n\n')
ITvocurly ('')
ITvarid ('f')
WHITE_SPACE (' ')
ITvarid ('x')
WHITE_SPACE (' ')
ITequal ('=')
WHITE_SPACE ('  ')
ITvarid ('maybeEP')
WHITE_SPACE (' ')
IToparen ('(')
ITlam ('\')
ITvarid ('ids')
WHITE_SPACE (' ')
ITrarrow ('->')
WHITE_SPACE (' ')
ITdo ('do')
WHITE_SPACE ('\n                  ')
ITvocurly ('')
ITvarid ('layoutList')
WHITE_SPACE (' ')
ITvarid ('pts'')
WHITE_SPACE (' ')
ITvarsym ('$')
WHITE_SPACE (' ')
ITvarid ('sepInstFunBinds')
WHITE_SPACE (' ')
ITvarid ('ids')
WHITE_SPACE ('\n                  ')
ITsemi ('')
ITcparen (')')
WHITE_SPACE (' ')
ITvarid ('mids')
WHITE_SPACE ('\n')
ITvccurly ('')
ITsemi ('')