ITmodule ('module')
WHITE_SPACE ('')
ITconid (' Layout0001')
WHITE_SPACE ('0')
ITwhere (' wher')
WHITE_SPACE ('e\n\n')
ITvocurly ('')
WHITE_SPACE ('')
ITvarid ('lexStdToken')
WHITE_SPACE (' ')
ITdcolon ('::')
WHITE_SPACE (' ')
ITconid ('Lex')
WHITE_SPACE (' ')
ITvarid ('a')
WHITE_SPACE (' ')
ITconid ('Token')
WHITE_SPACE ('\n')
ITsemi ('')
WHITE_SPACE ('')
ITvarid ('lexStdToken')
WHITE_SPACE (' ')
ITequal ('=')
WHITE_SPACE (' ')
ITdo ('do')
WHITE_SPACE ('\n    ')
ITvocurly ('')
WHITE_SPACE ('')
ITcase ('case')
WHITE_SPACE (' ')
ITvarid ('s')
WHITE_SPACE (' ')
ITof ('of')
WHITE_SPACE ('\n        ')
ITvocurly ('')
WHITE_SPACE ('')
ITunderscore ('_')
WHITE_SPACE ('               ')
ITrarrow ('->')
WHITE_SPACE (' ')
ITinteger ('7')
WHITE_SPACE ('\n\n      ')
ITvccurly ('')
WHITE_SPACE ('')
ITwhere ('where')
WHITE_SPACE (' ')
ITvocurly ('')
WHITE_SPACE ('')
ITvarid ('lexIdents')
WHITE_SPACE (' ')
ITdcolon ('::')
WHITE_SPACE (' ')
ITconid ('Lex')
WHITE_SPACE (' ')
ITvarid ('a')
WHITE_SPACE (' ')
ITobrack ('[')
WHITE_SPACE ('')
ITconid ('String')
WHITE_SPACE ('')
ITcbrack (']')
WHITE_SPACE ('\n            ')
ITsemi ('')
WHITE_SPACE ('')
ITvarid ('lexIdents')
WHITE_SPACE (' ')
ITequal ('=')
WHITE_SPACE (' ')
ITdo ('do')
WHITE_SPACE ('\n                ')
ITvocurly ('')
WHITE_SPACE ('')
ITvarid ('exts')
WHITE_SPACE ('\n')
ITvccurly ('')
WHITE_SPACE ('')
ITvccurly ('')
WHITE_SPACE ('')
ITvccurly ('')
WHITE_SPACE ('')
ITsemi ('')