ITmodule ('module')
WHITE_SPACE ('')
ITconid (' Layout0000')
WHITE_SPACE ('2')
ITwhere (' wher')
WHITE_SPACE ('e\n\n')
ITvocurly ('')
WHITE_SPACE ('')
ITinstance ('instance')
WHITE_SPACE (' ')
ITconid ('Monad')
WHITE_SPACE (' ')
IToparen ('(')
WHITE_SPACE ('')
ITconid ('DocM')
WHITE_SPACE (' ')
ITvarid ('s')
WHITE_SPACE ('')
ITcparen (')')
WHITE_SPACE (' ')
ITwhere ('where')
WHITE_SPACE ('\n        ')
ITvocurly ('')
WHITE_SPACE ('')
ITvarid ('return')
WHITE_SPACE (' ')
ITequal ('=')
WHITE_SPACE (' ')
ITvarid ('retDocM')
WHITE_SPACE ('\n\n')
ITvccurly ('')
WHITE_SPACE ('')
ITsemi ('')
WHITE_SPACE ('')
ITinline_prag ('{-# INLINE')
WHITE_SPACE (' ')
ITvarid ('thenDocM')
WHITE_SPACE (' ')
ITclose_prag ('#-}')
WHITE_SPACE ('\n')
ITsemi ('')
WHITE_SPACE ('')
ITinline_prag ('{-# INLINE')
WHITE_SPACE (' ')
ITvarid ('then_DocM')
WHITE_SPACE (' ')
ITclose_prag ('#-}')
WHITE_SPACE ('\n\n')
ITsemi ('')
WHITE_SPACE ('')
ITvarid ('thenDocM')
WHITE_SPACE (' ')
ITdcolon ('::')
WHITE_SPACE (' ')
ITconid ('DocM')
WHITE_SPACE (' ')
ITvarid ('s')
WHITE_SPACE (' ')
ITvarid ('a')
WHITE_SPACE (' ')
ITrarrow ('->')
WHITE_SPACE (' ')
IToparen ('(')
WHITE_SPACE ('')
ITvarid ('a')
WHITE_SPACE (' ')
ITrarrow ('->')
WHITE_SPACE (' ')
ITconid ('DocM')
WHITE_SPACE (' ')
ITvarid ('s')
WHITE_SPACE (' ')
ITvarid ('b')
WHITE_SPACE ('')
ITcparen (')')
WHITE_SPACE (' ')
ITrarrow ('->')
WHITE_SPACE (' ')
ITconid ('DocM')
WHITE_SPACE (' ')
ITvarid ('s')
WHITE_SPACE (' ')
ITvarid ('b')
WHITE_SPACE ('\n\n')
ITsemi ('')