ITmodule ('module')
WHITE_SPACE ('')
ITconid (' Layout0000')
WHITE_SPACE ('5')
ITwhere (' wher')
WHITE_SPACE ('e\n\n')
ITvocurly ('')
WHITE_SPACE ('')
ITvarid ('getOAuthTokens')
WHITE_SPACE (' ')
ITequal ('=')
WHITE_SPACE (' ')
ITdo ('do')
WHITE_SPACE ('\n  ')
ITvocurly ('')
WHITE_SPACE ('')
ITlet ('let')
WHITE_SPACE (' ')
ITvocurly ('')
WHITE_SPACE ('')
ITvarid ('r')
WHITE_SPACE (' ')
ITequal ('=')
WHITE_SPACE (' ')
ITvarid ('u')
WHITE_SPACE (' ')
ITvarsym ('$')
WHITE_SPACE (' ')
ITvarid ('initReq')
WHITE_SPACE ('\n                ')
ITocurly ('{')
WHITE_SPACE (' ')
ITvarid ('method')
WHITE_SPACE ('')
ITequal ('=')
WHITE_SPACE ('')
ITstring ('"POST"')
WHITE_SPACE ('\n                ')
ITcomma (',')
WHITE_SPACE (' ')
ITvarid ('requestHeaders')
WHITE_SPACE ('')
ITequal ('=')
WHITE_SPACE ('')
ITobrack ('[')
WHITE_SPACE ('')
ITcbrack (']')
WHITE_SPACE ('\n                ')
ITccurly ('}')
WHITE_SPACE ('\n  ')
ITvccurly ('')
WHITE_SPACE ('')
ITsemi ('')
WHITE_SPACE ('')
ITvarid ('return')
WHITE_SPACE (' ')
ITvarid ('r')
WHITE_SPACE ('\n')
ITvccurly ('')
WHITE_SPACE ('')
ITsemi ('')