ITmodule ('module')
WHITE_SPACE ('')
ITconid (' Layout0000')
WHITE_SPACE ('1')
IToparen (' ')
WHITE_SPACE ('(\n    ')
ITvarid ('everyNth')
WHITE_SPACE ('\n')
ITcparen (')')
WHITE_SPACE (' ')
ITwhere ('where')
WHITE_SPACE ('\n\n')
ITvocurly ('')
WHITE_SPACE ('')
ITimport ('import')
WHITE_SPACE (' ')
ITqconid ('Data.Either')
WHITE_SPACE ('\n')
ITsemi ('')
WHITE_SPACE ('')
ITimport ('import')
WHITE_SPACE (' ')
ITqconid ('Data.Time.Calendar')
WHITE_SPACE ('\n\n')
ITsemi ('')
WHITE_SPACE ('')
ITvarid ('everyNth')
WHITE_SPACE (' ')
ITdcolon ('::')
WHITE_SPACE (' ')
ITconid ('Int')
WHITE_SPACE (' ')
ITrarrow ('->')
WHITE_SPACE (' ')
ITconid ('Either')
WHITE_SPACE (' ')
ITconid ('WeekDay')
WHITE_SPACE (' ')
ITconid ('Int')
WHITE_SPACE (' ')
ITrarrow ('->')
WHITE_SPACE (' ')
ITconid ('Day')
WHITE_SPACE (' ')
ITrarrow ('->')
WHITE_SPACE (' ')
ITobrack ('[')
WHITE_SPACE ('')
ITconid ('Day')
WHITE_SPACE ('')
ITcbrack (']')
WHITE_SPACE ('\n')
ITsemi ('')
WHITE_SPACE ('')
ITvarid ('everyNth')
WHITE_SPACE (' ')
ITvarid ('n')
WHITE_SPACE (' ')
ITvarid ('tp')
WHITE_SPACE (' ')
ITvarid ('start')
WHITE_SPACE (' ')
ITequal ('=')
WHITE_SPACE (' ')
ITcase ('case')
WHITE_SPACE (' ')
ITvarid ('tp')
WHITE_SPACE (' ')
ITof ('of')
WHITE_SPACE ('\n    ')
ITvocurly ('')
WHITE_SPACE ('')
ITconid ('WeekDay')
WHITE_SPACE (' ')
ITrarrow ('->')
WHITE_SPACE (' ')
ITvarid ('start')
WHITE_SPACE (' ')
ITcolon (':')
WHITE_SPACE (' ')
ITvarid ('everyNth')
WHITE_SPACE (' ')
ITvarid ('tp')
WHITE_SPACE (' ')
IToparen ('(')
WHITE_SPACE ('')
ITvarid ('addDays')
WHITE_SPACE (' ')
ITvarid ('n')
WHITE_SPACE (' ')
ITvarid ('start')
WHITE_SPACE ('')
ITcparen (')')
WHITE_SPACE ('\n    ')
ITsemi ('')
WHITE_SPACE ('')
ITconid ('Int')
WHITE_SPACE ('     ')
ITrarrow ('->')
WHITE_SPACE (' ')
ITlet ('let')
WHITE_SPACE (' ')
ITvocurly ('')
WHITE_SPACE ('')
IToparen ('(')
WHITE_SPACE ('')
ITvarid ('y')
WHITE_SPACE ('')
ITcomma (',')
WHITE_SPACE (' ')
ITvarid ('m')
WHITE_SPACE ('')
ITcomma (',')
WHITE_SPACE (' ')
ITvarid ('d')
WHITE_SPACE ('')
ITcparen (')')
WHITE_SPACE (' ')
ITequal ('=')
WHITE_SPACE (' ')
ITvarid ('toGregorian')
WHITE_SPACE ('')
IToparen ('(')
WHITE_SPACE ('')
ITvarid ('start')
WHITE_SPACE ('')
ITcparen (')')
WHITE_SPACE (' ')
ITvarid ('start')
WHITE_SPACE (' ')
ITcolon (':')
WHITE_SPACE (' ')
ITvarid ('everyNth')
WHITE_SPACE (' ')
ITvarid ('tp')
WHITE_SPACE (' ')
IToparen ('(')
WHITE_SPACE ('')
ITcparen (')')
WHITE_SPACE ('\n')
ITvccurly ('')
WHITE_SPACE ('')
ITvccurly ('')
WHITE_SPACE ('')
ITsemi ('')