ITmodule ('module')
WHITE_SPACE (' ')
ITconid ('List00002')
WHITE_SPACE (' ')
ITwhere ('where')
WHITE_SPACE ('\n\n')
ITvocurly ('')
ITvarid ('main')
WHITE_SPACE (' ')
ITequal ('=')
WHITE_SPACE (' ')
ITvarid ('print')
WHITE_SPACE (' ')
ITobrack ('[')
ITinteger ('1')
ITcomma (',')
ITinteger ('2')
ITcbrack (']')
WHITE_SPACE ('\n\n\n')
ITsemi ('')