ITmodule ('module')
WHITE_SPACE (' ')
ITconid ('Minimal00001')
WHITE_SPACE (' ')
ITwhere ('where')
WHITE_SPACE ('\n\n')
ITvocurly ('')
ITclass ('class')
WHITE_SPACE (' ')
ITconid ('HasFoo')
WHITE_SPACE (' ')
ITvarid ('a')
WHITE_SPACE (' ')
ITwhere ('where')
WHITE_SPACE ('\n    ')
ITvocurly ('')
ITminimal_prag ('{-# MINIMAL')
WHITE_SPACE (' ')
ITvarid ('foo')
WHITE_SPACE (' ')
ITclose_prag ('#-}')
WHITE_SPACE ('\n    ')
ITsemi ('')
ITvarid ('foo')
WHITE_SPACE (' ')
ITdcolon ('::')
WHITE_SPACE (' ')
ITvarid ('a')
WHITE_SPACE (' ')
ITrarrow ('->')
WHITE_SPACE (' ')
ITconid ('String')
WHITE_SPACE ('\n    ')
ITsemi ('')
ITvarid ('bar')
WHITE_SPACE (' ')
ITdcolon ('::')
WHITE_SPACE (' ')
ITvarid ('a')
WHITE_SPACE (' ')
ITrarrow ('->')
WHITE_SPACE (' ')
ITconid ('String')
WHITE_SPACE ('\n\n')
ITvccurly ('')
ITsemi ('')
ITclass ('class')
WHITE_SPACE (' ')
ITconid ('HasFoo'')
WHITE_SPACE (' ')
ITvarid ('a')
WHITE_SPACE (' ')
ITwhere ('where')
WHITE_SPACE ('\n    ')
ITvocurly ('')
ITvarid ('foo'')
WHITE_SPACE (' ')
ITdcolon ('::')
WHITE_SPACE (' ')
ITvarid ('a')
WHITE_SPACE (' ')
ITrarrow ('->')
WHITE_SPACE (' ')
ITconid ('String')
WHITE_SPACE ('\n    ')
ITsemi ('')
ITminimal_prag ('{-# MINIMAL')
WHITE_SPACE (' ')
ITvarid ('foo'')
WHITE_SPACE (' ')
ITclose_prag ('#-}')
WHITE_SPACE ('\n    ')
ITsemi ('')
ITvarid ('bar'')
WHITE_SPACE (' ')
ITdcolon ('::')
WHITE_SPACE (' ')
ITvarid ('a')
WHITE_SPACE (' ')
ITrarrow ('->')
WHITE_SPACE (' ')
ITconid ('String')
WHITE_SPACE ('\n\n')
ITvccurly ('')
ITsemi ('')
ITclass ('class')
WHITE_SPACE (' ')
ITconid ('HasFoo''')
WHITE_SPACE (' ')
ITvarid ('a')
WHITE_SPACE (' ')
ITwhere ('where')
WHITE_SPACE ('\n    ')
ITvocurly ('')
ITvarid ('foo''')
WHITE_SPACE (' ')
ITdcolon ('::')
WHITE_SPACE (' ')
ITvarid ('a')
WHITE_SPACE (' ')
ITrarrow ('->')
WHITE_SPACE (' ')
ITconid ('String')
WHITE_SPACE ('\n    ')
ITsemi ('')
ITvarid ('bar''')
WHITE_SPACE (' ')
ITdcolon ('::')
WHITE_SPACE (' ')
ITvarid ('a')
WHITE_SPACE (' ')
ITrarrow ('->')
WHITE_SPACE (' ')
ITconid ('String')
WHITE_SPACE ('\n    ')
ITsemi ('')
ITminimal_prag ('{-# MINIMAL')
WHITE_SPACE (' ')
ITvarid ('foo''')
WHITE_SPACE (' ')
ITclose_prag ('#-}')
WHITE_SPACE ('\n')
ITvccurly ('')
ITsemi ('')