ITmodule ('module')
WHITE_SPACE ('')
ITconid (' Module0000')
WHITE_SPACE ('1')
IToparen (' ')
WHITE_SPACE ('')
ITcparen ('(')
WHITE_SPACE (')')
ITwhere (' wher')
WHITE_SPACE ('e\n\n')
ITlineComment ('-- Parse an empty export list.')
WHITE_SPACE ('\n')
ITvocurly ('')