ITmodule ('module')
WHITE_SPACE ('')
ITconid (' Pragma0000')
WHITE_SPACE ('4 ')
ITwarning_prag (' {-# WARNIN')
WHITE_SPACE ('G')
ITstring (' "This is an unstable interface.')
WHITE_SPACE ('"')
ITclose_prag (' #-')
WHITE_SPACE ('}')
ITwhere (' wher')
WHITE_SPACE ('e\n\n')
ITvocurly ('')