ITmodule ('module')
WHITE_SPACE ('')
ITconid (' Pragma0000')
WHITE_SPACE ('2')
ITwhere (' wher')
WHITE_SPACE ('e\n\n')
ITvocurly ('')
WHITE_SPACE ('')
ITdata ('data')
WHITE_SPACE (' ')
ITconid ('Vector')
WHITE_SPACE (' ')
ITvarid ('a')
WHITE_SPACE (' ')
ITequal ('=')
WHITE_SPACE (' ')
ITconid ('Pull')
WHITE_SPACE (' ')
ITconid ('DIM1')
WHITE_SPACE ('  ')
ITunpack_prag ('{-# UNPACK')
WHITE_SPACE (' ')
ITclose_prag ('#-}')
WHITE_SPACE (' ')
ITbang ('!')
WHITE_SPACE ('')
ITvarid ('a')
WHITE_SPACE ('\n\n')
ITsemi ('')
WHITE_SPACE ('')
ITvarid ('f')
WHITE_SPACE (' ')
ITvarid ('x')
WHITE_SPACE (' ')
ITequal ('=')
WHITE_SPACE (' ')
IToparen ('(')
WHITE_SPACE ('')
ITcore_prag ('{-# CORE')
WHITE_SPACE (' ')
ITstring ('"foo"')
WHITE_SPACE (' ')
ITclose_prag ('#-}')
WHITE_SPACE (' ')
ITvarid ('show')
WHITE_SPACE ('')
ITcparen (')')
WHITE_SPACE (' ')
IToparen ('(')
WHITE_SPACE ('')
ITcore_prag ('{-# CORE')
WHITE_SPACE (' ')
ITstring ('"bar"')
WHITE_SPACE (' ')
ITclose_prag ('#-}')
WHITE_SPACE (' ')
ITvarid ('x')
WHITE_SPACE ('')
ITcparen (')')
WHITE_SPACE ('\n\n')
ITsemi ('')
WHITE_SPACE ('')
ITvarid ('g')
WHITE_SPACE (' ')
ITvarid ('x')
WHITE_SPACE (' ')
ITequal ('=')
WHITE_SPACE (' ')
ITlet ('let')
WHITE_SPACE (' ')
ITvocurly ('')
WHITE_SPACE ('')
ITvarid ('xs')
WHITE_SPACE (' ')
ITequal ('=')
WHITE_SPACE (' ')
ITscc_prag ('{-# SCC')
WHITE_SPACE (' ')
ITstring ('"X"')
WHITE_SPACE (' ')
ITclose_prag ('#-}')
WHITE_SPACE (' ')
ITobrack ('[')
WHITE_SPACE ('')
ITinteger ('1')
WHITE_SPACE ('')
ITdotdot ('..')
WHITE_SPACE ('')
ITinteger ('1000000')
WHITE_SPACE ('')
ITcbrack (']')
WHITE_SPACE (' ')
ITin ('in')
WHITE_SPACE (' ')
ITvarid ('x')