ITmodule ('module')
WHITE_SPACE ('')
ITconid (' String0000')
WHITE_SPACE ('4')
ITwhere (' wher')
WHITE_SPACE ('e\n\n\n')
ITvocurly ('')
WHITE_SPACE ('')
ITvarid ('s')
WHITE_SPACE (' ')
ITequal ('=')
WHITE_SPACE (' ')
ITstring ('"\\n    \Strings should allow \"escaped double quotes\"\\n    \as well as multi-line strings.  Also, the closing\\n    \quote of this string can be preceded by a backslash\\n    \since the backslash indicates line continuation, not\\n    \quote escaping!\\n\"')
WHITE_SPACE ('\n\n')
ITsemi ('')