ITmodule ('module')
WHITE_SPACE (' ')
ITconid ('String00006')
WHITE_SPACE (' ')
ITwhere ('where')
WHITE_SPACE ('\n\n')
ITvocurly ('')
ITvarid ('s')
WHITE_SPACE (' ')
ITequal ('=')
WHITE_SPACE (' ')
ITstring ('"\\\""')
WHITE_SPACE ('\n\n')
ITsemi ('')
ITvarid ('foo')
WHITE_SPACE (' ')
ITequal ('=')
WHITE_SPACE (' ')
ITvarid ('undefined')
WHITE_SPACE ('\n')
ITsemi ('')