ITblockComment ('{-# LANGUAGE FlexibleInstances #-}')
WHITE_SPACE ('\n')
ITblockComment ('{-# LANGUAGE QuasiQuotes       #-}')
WHITE_SPACE ('\n')
ITblockComment ('{-# LANGUAGE TemplateHaskell   #-}')
WHITE_SPACE ('\n')
ITmodule ('module')
WHITE_SPACE (' ')
ITconid ('TempHask00002')
WHITE_SPACE (' ')
ITwhere ('where')
WHITE_SPACE ('\n\n')
ITvocurly ('')
ITobrack ('[')
ITvarid ('undefined')
ITvbar ('|')
WHITE_SPACE ('\n')
ITsemi ('')
ITvarid ('something')
WHITE_SPACE (' ')
ITvarid ('here')
WHITE_SPACE (' ')
ITstring ('"hello world"')
WHITE_SPACE ('\n')
ITsemi ('')
ITvbar ('|')
ITcbrack (']')
WHITE_SPACE ('\n\n')
ITsemi ('')
ITobrack ('[')
ITvbar ('|')
WHITE_SPACE (' ')
ITinteger ('7')
WHITE_SPACE (' ')
ITvbar ('|')
ITcbrack (']')
WHITE_SPACE ('\n\n')
ITsemi ('')
ITobrack ('[')
ITvarid ('d')
ITvbar ('|')
WHITE_SPACE (' ')
ITinteger ('7')
WHITE_SPACE (' ')
ITvbar ('|')
ITcbrack (']')
WHITE_SPACE ('\n\n')
ITsemi ('')
ITobrack ('[')
ITvarid ('t')
ITvbar ('|')
WHITE_SPACE (' ')
ITconid ('Int')
WHITE_SPACE (' ')
ITvbar ('|')
ITcbrack (']')
WHITE_SPACE ('\n\n')
ITsemi ('')
ITobrack ('[')
ITvarid ('p')
ITvbar ('|')
WHITE_SPACE (' ')
ITinteger ('7')
WHITE_SPACE (' ')
ITvbar ('|')
ITcbrack (']')
WHITE_SPACE ('\n\n')
ITsemi ('')
ITvarsym ('$')
IToparen ('(')
ITvarid ('deriveStuff')
WHITE_SPACE (' ')
ITsimpleQuote (''')
ITvarid ('f')
ITcparen (')')
WHITE_SPACE ('\n')
ITsemi ('')
ITvarid ('m')
WHITE_SPACE (' ')
ITequal ('=')
WHITE_SPACE (' ')
ITvarsym ('$')
ITvarid ('x')
WHITE_SPACE ('\n\n')
ITsemi ('')
ITtyQuote ('''')
ITconid ('T')
WHITE_SPACE ('\n\n')
ITsemi ('')
ITvarid ('f')
WHITE_SPACE (' ')
ITvarid ('n')
WHITE_SPACE (' ')
ITequal ('=')
WHITE_SPACE (' ')
ITlam ('\')
WHITE_SPACE (' ')
ITobrack ('[')
ITvarid ('haskell')
ITvbar ('|')
ITvarid ('y')
ITvbar ('|')
ITcbrack (']')
WHITE_SPACE (' ')
ITrarrow ('->')
WHITE_SPACE (' ')
ITvarid ('y')
ITvarsym ('+')
ITvarid ('n')
WHITE_SPACE ('\n')
ITsemi ('')