ITblockComment ('{-# LANGUAGE QuasiQuotes #-}')
WHITE_SPACE ('\n')
ITmodule ('module')
WHITE_SPACE (' ')
ITconid ('TempHask00005')
WHITE_SPACE (' ')
ITwhere ('where')
WHITE_SPACE ('\n\n')
ITvocurly ('')
ITinstance ('instance')
WHITE_SPACE (' ')
ITconid ('Yesod')
WHITE_SPACE (' ')
ITconid ('App')
WHITE_SPACE (' ')
ITwhere ('where')
WHITE_SPACE ('\n    ')
ITvocurly ('')
ITvarid ('defaultLayout')
WHITE_SPACE (' ')
ITvarid ('widget')
WHITE_SPACE (' ')
ITequal ('=')
WHITE_SPACE (' ')
ITdo ('do')
WHITE_SPACE ('\n        ')
ITlineComment ('-- Parse names starting with a single quote in splices.')
WHITE_SPACE ('\n        ')
ITvocurly ('')
ITvarid ('pc')
WHITE_SPACE (' ')
ITlarrow ('<-')
WHITE_SPACE (' ')
ITvarid ('widgetToPageContent')
WHITE_SPACE (' ')
ITvarsym ('$')
WHITE_SPACE (' ')
ITdo ('do')
WHITE_SPACE ('\n            ')
ITvocurly ('')
ITvarsym ('$')
IToparen ('(')
ITvarid ('combineStylesheets')
WHITE_SPACE (' ')
ITsimpleQuote (''')
ITconid ('StaticR')
WHITE_SPACE ('\n                ')
ITobrack ('[')
WHITE_SPACE (' ')
ITvarid ('css_normalize_css')
WHITE_SPACE ('\n                ')
ITcomma (',')
WHITE_SPACE (' ')
ITvarid ('css_bootstrap_css')
WHITE_SPACE ('\n                ')
ITcbrack (']')
ITcparen (')')
WHITE_SPACE ('\n            ')
ITsemi ('')
ITvarsym ('$')
IToparen ('(')
ITvarid ('widgetFile')
WHITE_SPACE (' ')
ITstring ('"default-layout"')
ITcparen (')')
WHITE_SPACE ('\n        ')
ITvccurly ('')
ITsemi ('')
ITvarid ('giveUrlRenderer')
WHITE_SPACE (' ')
ITvarsym ('$')
IToparen ('(')
ITvarid ('hamletFile')
WHITE_SPACE (' ')
ITstring ('"templates/default-layout-wrapper.hamlet"')
ITcparen (')')
WHITE_SPACE ('\n')
ITvccurly ('')
ITvccurly ('')
ITsemi ('')