ITmodule ('module')
WHITE_SPACE ('')
ITconid (' Type0000')
WHITE_SPACE ('1')
ITwhere (' wher')
WHITE_SPACE ('e\n\n')
ITvocurly ('')
WHITE_SPACE ('')
ITtype ('type')
WHITE_SPACE (' ')
ITconid ('FeldSymbols')
WHITE_SPACE ('\n    ')
ITequal ('=')
WHITE_SPACE ('   ')
IToparen ('(')
WHITE_SPACE ('')
ITconid ('Decor')
WHITE_SPACE (' ')
ITconid ('SourceInfo1')
WHITE_SPACE (' ')
ITconid ('Identity')
WHITE_SPACE (' ')
ITconsym (':||')
WHITE_SPACE (' ')
ITconid ('Type')
WHITE_SPACE ('')
ITcparen (')')
WHITE_SPACE ('\n    ')
ITconsym (':+:')
WHITE_SPACE (' ')
IToparen ('(')
WHITE_SPACE ('')
ITconid ('Condition')
WHITE_SPACE ('  ')
ITconsym (':||')
WHITE_SPACE (' ')
ITconid ('Type')
WHITE_SPACE ('')
ITcparen (')')
WHITE_SPACE ('\n')
ITsemi ('')